===== Mon Jul 27 16:58:07 CST 2026 =====
🚀 启动每日运营系统...
📊 生成每日报告...
Report: /Users/tianmengpiaoxiang/auto_business/daily_report/reports/report_2026-07-27.html
Revenue: $0, Orders: 0
Today: $0, 0 orders
🔍 检查服务器状态...
✅ Zeabur 服务器在线
📋 检查待处理订单...
✅ 无待处理订单
✅ 每日运营完成


==========================================
 🚀 AutoTools 每日运营系统
 📅 2026-07-27 17:19:40
==========================================
🔧 启动本地服务器...
✅ 服务器已启动 (PID: 22811)

📊 生成每日报告...
  File "/Users/tianmengpiaoxiang/auto_business/daily_report/reporter.py", line 135
    (tag(f"{p["count"]}件", c))
               ^
SyntaxError: f-string: f-string: unmatched '['

💰 收益分析...
==================================================
  💰 AutoTools 收益报告
  2026-07-27 17:19
==================================================

  累计收益: ¥0 (0单)
  今日收益: ¥0 (0单)
  本周收益: ¥0
  本月收益: ¥0

  📊 目标达成率:
    dai:  ¥0/100 ░░░░░░░░░░   0.0%
    wee:  ¥0/700 ░░░░░░░░░░   0.0%
    mon: ¥0/3000 ░░░░░░░░░░   0.0%

  💡 优化方案:
    【daily目标】尚未有收入，需要立即启动推广！¥100/天
    【weekly目标】尚未有收入，需要立即启动推广！¥700/天
    【monthly目标】尚未有收入，需要立即启动推广！¥3000/天
    【增收建议】推广 VIP 会员（¥199），利润率最高
    【增收建议】推出企业定制服务，单价 ¥500+
    【增收建议】闲鱼每天发1条商品信息，坚持7天
    【增收建议】朋友圈每3天分享1次客户好评
    【今日目标】至少完成1单（¥29-¥199）


📢 生成推广文案...

==================================================
  📢 AutoTools 推广文案已生成!
  📅 2026-07-27 17:19
  📦 产品数: 52
  📱 平台数: 5
==================================================

【闲鱼 - 文件批处理大师】
【文件批处理大师】🔥 批量重命名、格式转换、智能分类 — 一键处理成千上万文件

💰 价格：仅¥49（原价¥69，省¥20）


✅ 一次购买，永久使用
✅ 终身免费更新
✅ 售后技术支持

适用场景：
• 批量重命名（支持正则/模板/序号）
• 智能文件分类
• 批量格式转换

搜索：效率工具 办...

【闲鱼 - 内容自动生成器】
【内容自动生成器】🔥 AI驱动的内容创作工具，提升效率

💰 价格：仅¥29（原价¥49，省¥20）


✅ 一次购买，永久使用
✅ 终身免费更新
✅ 售后技术支持

适用场景：
• 文章标题生成
• SEO关键词优化
• 摘要提取

搜索：效率工具 办公软件 Python工具 自动化 ai...

【朋友圈 - 文件批处理大师】
最近发现一个超好用的工具：文件批处理大师，批量重命名、格式转换、智能分类 — 一键处理成千上万文件...只要¥49，限时省¥20！需要的小伙伴私信我～...

【朋友圈 - 内容自动生成器】
最近发现一个超好用的工具：内容自动生成器，AI驱动的内容创作工具，提升效率...只要¥29，限时省¥20！需要的小伙伴私信我～...

【小红书 - 文件批处理大师】
✨ 我的天！文件批处理大师竟然只要¥49？！

一直为重复工作发愁，直到发现这个神器！
批量重命名、格式转换、智能分类 — 一键处理成千上万文件

🔥 它能做什么？
✅ 批量重命名（支持正则/模板/序号）
✅ 智能文件分类
✅ 批量格式转换

💰 限时特价¥49（原价¥69，省¥20）


💡 一次...

【小红书 - 内容自动生成器】
✨ 我的天！内容自动生成器竟然只要¥29？！

一直为重复工作发愁，直到发现这个神器！
AI驱动的内容创作工具，提升效率

🔥 它能做什么？
✅ 文章标题生成
✅ SEO关键词优化
✅ 摘要提取

💰 限时特价¥29（原价¥49，省¥20）


💡 一次购买终身使用，真的太良心了🔥

##效率神器 ...

【贴吧 - 文件批处理大师】
【推荐】文件批处理大师 - 仅需¥49
批量重命名、格式转换、智能分类 — 一键处理成千上万文件...
适用：批量重命名（支持正则/模板/序号）, 智能文件分类, 批量格式转换
限时特价中！
链接：https://xiaoxiaojun.zeabur.app...

【贴吧 - 内容自动生成器】
【推荐】内容自动生成器 - 仅需¥29
AI驱动的内容创作工具，提升效率...
适用：文章标题生成, SEO关键词优化, 摘要提取
限时特价中！
链接：https://xiaoxiaojun.zeabur.app...

【知乎 - 文件批处理大师】
分享一个实用工具：文件批处理大师

批量重命名、格式转换、智能分类 — 一键处理成千上万文件

💰 价格：¥49（限时折扣）


适用场景：
- 批量重命名（支持正则/模板/序号）
- 智能文件分类
- 批量格式转换

想了解详情的朋友可以访问：https://xiaoxiaojun.zeabur....

【知乎 - 内容自动生成器】
分享一个实用工具：内容自动生成器

AI驱动的内容创作工具，提升效率

💰 价格：¥29（限时折扣）


适用场景：
- 文章标题生成
- SEO关键词优化
- 摘要提取

想了解详情的朋友可以访问：https://xiaoxiaojun.zeabur.app...


🏭 检查工具开发流水线...
📦 已开发 30 个工具代码文件
📋 产品列表: 52 个
💰 总价值: ¥6704
💵 累计收入: ¥0
📝 总订单: 0

🌐 检查 Zeabur 部署...
⚠️ Zeabur 检查失败: HTTP Error 404: Not Found

📋 检查待处理订单...
✅ 无待处理订单
💰 累计收入: ¥0

🎯 每日目标检查...
📈 今日收入: ¥0 (0单)
💪 还差 ¥100 达到日目标
💡 建议: 重点推广 VIP会员(¥199) 或 三件套(¥79)

✅ 每日运营完成
==========================================


==========================================
 🚀 AutoTools 每日运营系统
 📅 2026-07-28 09:00:03
==========================================
🔧 启动本地服务器...
✅ 服务器已启动 (PID: 55005)

📊 生成每日报告...
Revenue report: No module named 'revenue'
✅ Report: /Users/tianmengpiaoxiang/auto_business/daily_report/reports/report_2026-07-28.html
💰 Revenue: ¥19, Orders: 1
📈 Today: ¥0, 0 orders

💰 收益分析...
==================================================
  💰 AutoTools 收益报告
  2026-07-28 09:00
==================================================

  累计收益: ¥19 (1单)
  今日收益: ¥0 (0单)
  本周收益: ¥0
  本月收益: ¥0

  📊 目标达成率:
    dai:  ¥0/100 ░░░░░░░░░░   0.0%
    wee:  ¥0/700 ░░░░░░░░░░   0.0%
    mon: ¥0/3000 ░░░░░░░░░░   0.0%

  💡 优化方案:
    【daily目标】尚未有收入，需要立即启动推广！¥100/天
    【weekly目标】尚未有收入，需要立即启动推广！¥700/天
    【monthly目标】尚未有收入，需要立即启动推广！¥3000/天
    【畅销品】file_tools 收入¥19，建议重点推广
    【增收建议】推广 VIP 会员（¥199），利润率最高
    【增收建议】推出企业定制服务，单价 ¥500+
    【增收建议】闲鱼每天发1条商品信息，坚持7天
    【增收建议】朋友圈每3天分享1次客户好评
    【今日目标】至少完成1单（¥29-¥199）


📢 生成推广文案...

==================================================
  📢 AutoTools 推广文案已生成!
  📅 2026-07-28 09:00
  📦 产品数: 82
  📱 平台数: 5
==================================================

【闲鱼 - 文件批处理大师】
【文件批处理大师】🔥 批量重命名、格式转换、智能分类 — 一键处理成千上万文件

💰 价格：仅¥19（原价¥49，省¥30）


✅ 一次购买，永久使用
✅ 终身免费更新
✅ 售后技术支持

适用场景：
• 批量重命名（支持正则/模板/序号）
• 智能文件分类
• 批量格式转换

搜索：效率工具 办...

【闲鱼 - 内容自动生成器】
【内容自动生成器】🔥 AI驱动的内容创作工具，提升效率

💰 价格：仅¥19（原价¥29，省¥10）


✅ 一次购买，永久使用
✅ 终身免费更新
✅ 售后技术支持

适用场景：
• 文章标题生成
• SEO关键词优化
• 摘要提取

搜索：效率工具 办公软件 Python工具 自动化 ai...

【朋友圈 - 文件批处理大师】
最近发现一个超好用的工具：文件批处理大师，批量重命名、格式转换、智能分类 — 一键处理成千上万文件...只要¥19，限时省¥30！需要的小伙伴私信我～...

【朋友圈 - 内容自动生成器】
最近发现一个超好用的工具：内容自动生成器，AI驱动的内容创作工具，提升效率...只要¥19，限时省¥10！需要的小伙伴私信我～...

【小红书 - 文件批处理大师】
✨ 我的天！文件批处理大师竟然只要¥19？！

一直为重复工作发愁，直到发现这个神器！
批量重命名、格式转换、智能分类 — 一键处理成千上万文件

🔥 它能做什么？
✅ 批量重命名（支持正则/模板/序号）
✅ 智能文件分类
✅ 批量格式转换

💰 限时特价¥19（原价¥49，省¥30）


💡 一次...

【小红书 - 内容自动生成器】
✨ 我的天！内容自动生成器竟然只要¥19？！

一直为重复工作发愁，直到发现这个神器！
AI驱动的内容创作工具，提升效率

🔥 它能做什么？
✅ 文章标题生成
✅ SEO关键词优化
✅ 摘要提取

💰 限时特价¥19（原价¥29，省¥10）


💡 一次购买终身使用，真的太良心了🔥

##效率神器 ...

【贴吧 - 文件批处理大师】
【推荐】文件批处理大师 - 仅需¥19
批量重命名、格式转换、智能分类 — 一键处理成千上万文件...
适用：批量重命名（支持正则/模板/序号）, 智能文件分类, 批量格式转换
限时特价中！
链接：https://xiaxiaojun.zeabur.app...

【贴吧 - 内容自动生成器】
【推荐】内容自动生成器 - 仅需¥19
AI驱动的内容创作工具，提升效率...
适用：文章标题生成, SEO关键词优化, 摘要提取
限时特价中！
链接：https://xiaxiaojun.zeabur.app...

【知乎 - 文件批处理大师】
分享一个实用工具：文件批处理大师

批量重命名、格式转换、智能分类 — 一键处理成千上万文件

💰 价格：¥19（限时折扣）


适用场景：
- 批量重命名（支持正则/模板/序号）
- 智能文件分类
- 批量格式转换

想了解详情的朋友可以访问：https://xiaxiaojun.zeabur.a...

【知乎 - 内容自动生成器】
分享一个实用工具：内容自动生成器

AI驱动的内容创作工具，提升效率

💰 价格：¥19（限时折扣）


适用场景：
- 文章标题生成
- SEO关键词优化
- 摘要提取

想了解详情的朋友可以访问：https://xiaxiaojun.zeabur.app...


🏭 检查工具开发流水线...
📦 已开发 36 个工具代码文件
📋 产品列表: 82 个
💰 总价值: ¥4885
💵 累计收入: ¥19
📝 总订单: 1

🌐 检查 Zeabur 部署...
⚠️ Zeabur 检查失败: HTTP Error 404: Not Found

📋 检查待处理订单...
✅ 无待处理订单
💰 累计收入: ¥19

🎯 每日目标检查...
📈 今日收入: ¥0 (0单)
💪 还差 ¥100 达到日目标
💡 建议: 重点推广 VIP会员(¥199) 或 三件套(¥79)

✅ 每日运营完成
==========================================


==========================================
 🚀 AutoTools 每日运营系统
 📅 2026-07-28 14:00:04
==========================================
🔧 启动本地服务器...
✅ 服务器已启动 (PID: 67897)

📊 生成每日报告...
Revenue report: No module named 'revenue'
✅ Report: /Users/tianmengpiaoxiang/auto_business/daily_report/reports/report_2026-07-28.html
💰 Revenue: ¥164, Orders: 6
📈 Today: ¥145, 5 orders

💰 收益分析...
==================================================
  💰 AutoTools 收益报告
  2026-07-28 14:00
==================================================

  累计收益: ¥164 (6单)
  今日收益: ¥145 (5单)
  本周收益: ¥145
  本月收益: ¥145

  📊 目标达成率:
    dai: ¥145/100 ██████████████ 145.0%
    wee: ¥145/700 ██░░░░░░░░   20.7%
    mon: ¥145/3000 ░░░░░░░░░░   4.8%

  💡 优化方案:
    【daily目标】已超额完成！达成率145.0% 🎉
    【weekly目标】达成率20.7%，需要加大推广力度
    【monthly目标】达成率4.8%，需要加大推广力度
    【畅销品】file_tools 收入¥164，建议重点推广
    【增收建议】推广 VIP 会员（¥199），利润率最高
    【增收建议】推出企业定制服务，单价 ¥500+
    【增收建议】闲鱼每天发1条商品信息，坚持7天
    【增收建议】朋友圈每3天分享1次客户好评


📢 生成推广文案...

==================================================
  📢 AutoTools 推广文案已生成!
  📅 2026-07-28 14:00
  📦 产品数: 79
  📱 平台数: 5
==================================================

【闲鱼 - 内容创作者效率包】
【内容创作者效率包】🔥 视频创作·图文排版·多平台发布·AI辅助，专为自媒体人打造的全流程工具包

💰 价格：仅¥299（原价¥598，省¥299）


✅ 一次购买，永久使用
✅ 终身免费更新
✅ 售后技术支持

适用场景：
• 视频字幕提取+自动加字幕+智能剪辑
• 多平台一键排版发布+社媒运营...

【闲鱼 - 办公自动化全家桶】
【办公自动化全家桶】🔥 文件批处理·PDF·Excel·AI写作·数据分析，覆盖90%办公场景的效率工具包

💰 价格：仅¥199（原价¥428，省¥229）


✅ 一次购买，永久使用
✅ 终身免费更新
✅ 售后技术支持

适用场景：
• 文件批量重命名+智能分类+PDF全能工具箱
• Excel...

【朋友圈 - 内容创作者效率包】
最近发现一个超好用的工具：内容创作者效率包，视频创作·图文排版·多平台发布·AI辅助，专为自媒体人打造的全流程工具包...只要¥299，限时省¥299！需要的小伙伴私信我～...

【朋友圈 - 办公自动化全家桶】
最近发现一个超好用的工具：办公自动化全家桶，文件批处理·PDF·Excel·AI写作·数据分析，覆盖90%办公场景的效率工具...只要¥199，限时省¥229！需要的小伙伴私信我～...

【小红书 - 内容创作者效率包】
✨ 我的天！内容创作者效率包竟然只要¥299？！

一直为重复工作发愁，直到发现这个神器！
视频创作·图文排版·多平台发布·AI辅助，专为自媒体人打造的全流程工具包

🔥 它能做什么？
✅ 视频字幕提取+自动加字幕+智能剪辑
✅ 多平台一键排版发布+社媒运营
✅ AI脚本生成+数字人主播+声音克隆
...

【小红书 - 办公自动化全家桶】
✨ 我的天！办公自动化全家桶竟然只要¥199？！

一直为重复工作发愁，直到发现这个神器！
文件批处理·PDF·Excel·AI写作·数据分析，覆盖90%办公场景的效率工具包

🔥 它能做什么？
✅ 文件批量重命名+智能分类+PDF全能工具箱
✅ Excel宏工具包+数据清洗+数据可视化
✅ AI写...

【贴吧 - 内容创作者效率包】
【推荐】内容创作者效率包 - 仅需¥299
视频创作·图文排版·多平台发布·AI辅助，专为自媒体人打造的全流程工具包...
适用：视频字幕提取+自动加字幕+智能剪辑, 多平台一键排版发布+社媒运营, AI脚本生成+数字人主播+声音克隆
限时特价中！
链接：https://xiaxiaojun.zea...

【贴吧 - 办公自动化全家桶】
【推荐】办公自动化全家桶 - 仅需¥199
文件批处理·PDF·Excel·AI写作·数据分析，覆盖90%办公场景的效率工具包...
适用：文件批量重命名+智能分类+PDF全能工具箱, Excel宏工具包+数据清洗+数据可视化, AI写作助手+批量翻译+会议纪要
限时特价中！
链接：https://...

【知乎 - 内容创作者效率包】
分享一个实用工具：内容创作者效率包

视频创作·图文排版·多平台发布·AI辅助，专为自媒体人打造的全流程工具包

💰 价格：¥299（限时折扣）


适用场景：
- 视频字幕提取+自动加字幕+智能剪辑
- 多平台一键排版发布+社媒运营
- AI脚本生成+数字人主播+声音克隆

想了解详情的朋友可以访...

【知乎 - 办公自动化全家桶】
分享一个实用工具：办公自动化全家桶

文件批处理·PDF·Excel·AI写作·数据分析，覆盖90%办公场景的效率工具包

💰 价格：¥199（限时折扣）


适用场景：
- 文件批量重命名+智能分类+PDF全能工具箱
- Excel宏工具包+数据清洗+数据可视化
- AI写作助手+批量翻译+会议纪...


🏭 检查工具开发流水线...
📦 已开发 36 个工具代码文件
📋 产品列表: 79 个
💰 总价值: ¥6511
💵 累计收入: ¥164
📝 总订单: 6

🌐 检查 Zeabur 部署...
⚠️ Zeabur 检查失败: <urlopen error [Errno 61] Connection refused>

📋 检查待处理订单...
✅ 无待处理订单
💰 累计收入: ¥164

🎯 每日目标检查...
📈 今日收入: ¥145 (5单)
🎉 达成日目标! 达成率 145%

✅ 每日运营完成
==========================================


==========================================
 🚀 AutoTools 每日运营系统
 📅 2026-07-29 09:00:04
==========================================
🔧 启动本地服务器...
✅ 服务器已启动 (PID: 83849)

📊 生成每日报告...
Revenue report: No module named 'revenue'
✅ Report: /Users/tianmengpiaoxiang/auto_business/daily_report/reports/report_2026-07-29.html
💰 Revenue: ¥164, Orders: 6
📈 Today: ¥0, 0 orders

💰 收益分析...
==================================================
  💰 AutoTools 收益报告
  2026-07-29 09:00
==================================================

  累计收益: ¥164 (6单)
  今日收益: ¥0 (0单)
  本周收益: ¥145
  本月收益: ¥145

  📊 目标达成率:
    dai:  ¥0/100 ░░░░░░░░░░   0.0%
    wee: ¥145/700 ██░░░░░░░░   20.7%
    mon: ¥145/3000 ░░░░░░░░░░   4.8%

  💡 优化方案:
    【daily目标】尚未有收入，需要立即启动推广！¥100/天
    【weekly目标】达成率20.7%，需要加大推广力度
    【monthly目标】达成率4.8%，需要加大推广力度
    【畅销品】file_tools 收入¥164，建议重点推广
    【增收建议】推广 VIP 会员（¥199），利润率最高
    【增收建议】推出企业定制服务，单价 ¥500+
    【增收建议】闲鱼每天发1条商品信息，坚持7天
    【增收建议】朋友圈每3天分享1次客户好评
    【今日目标】至少完成1单（¥29-¥199）


📢 生成推广文案...

==================================================
  📢 AutoTools 推广文案已生成!
  📅 2026-07-29 09:00
  📦 产品数: 83
  📱 平台数: 5
==================================================

【闲鱼 - 内容创作者效率包】
【内容创作者效率包】🔥 视频创作·图文排版·多平台发布·AI辅助，专为自媒体人打造的全流程工具包

💰 价格：仅¥299（原价¥598，省¥299）


✅ 一次购买，永久使用
✅ 终身免费更新
✅ 售后技术支持

适用场景：
• 视频字幕提取+自动加字幕+智能剪辑
• 多平台一键排版发布+社媒运营...

【闲鱼 - 办公自动化全家桶】
【办公自动化全家桶】🔥 文件批处理·PDF·Excel·AI写作·数据分析，覆盖90%办公场景的效率工具包

💰 价格：仅¥199（原价¥428，省¥229）


✅ 一次购买，永久使用
✅ 终身免费更新
✅ 售后技术支持

适用场景：
• 文件批量重命名+智能分类+PDF全能工具箱
• Excel...

【朋友圈 - 内容创作者效率包】
最近发现一个超好用的工具：内容创作者效率包，视频创作·图文排版·多平台发布·AI辅助，专为自媒体人打造的全流程工具包...只要¥299，限时省¥299！需要的小伙伴私信我～...

【朋友圈 - 办公自动化全家桶】
最近发现一个超好用的工具：办公自动化全家桶，文件批处理·PDF·Excel·AI写作·数据分析，覆盖90%办公场景的效率工具...只要¥199，限时省¥229！需要的小伙伴私信我～...

【小红书 - 内容创作者效率包】
✨ 我的天！内容创作者效率包竟然只要¥299？！

一直为重复工作发愁，直到发现这个神器！
视频创作·图文排版·多平台发布·AI辅助，专为自媒体人打造的全流程工具包

🔥 它能做什么？
✅ 视频字幕提取+自动加字幕+智能剪辑
✅ 多平台一键排版发布+社媒运营
✅ AI脚本生成+数字人主播+声音克隆
...

【小红书 - 办公自动化全家桶】
✨ 我的天！办公自动化全家桶竟然只要¥199？！

一直为重复工作发愁，直到发现这个神器！
文件批处理·PDF·Excel·AI写作·数据分析，覆盖90%办公场景的效率工具包

🔥 它能做什么？
✅ 文件批量重命名+智能分类+PDF全能工具箱
✅ Excel宏工具包+数据清洗+数据可视化
✅ AI写...

【贴吧 - 内容创作者效率包】
【推荐】内容创作者效率包 - 仅需¥299
视频创作·图文排版·多平台发布·AI辅助，专为自媒体人打造的全流程工具包...
适用：视频字幕提取+自动加字幕+智能剪辑, 多平台一键排版发布+社媒运营, AI脚本生成+数字人主播+声音克隆
限时特价中！
链接：https://xiaxiaojun.zea...

【贴吧 - 办公自动化全家桶】
【推荐】办公自动化全家桶 - 仅需¥199
文件批处理·PDF·Excel·AI写作·数据分析，覆盖90%办公场景的效率工具包...
适用：文件批量重命名+智能分类+PDF全能工具箱, Excel宏工具包+数据清洗+数据可视化, AI写作助手+批量翻译+会议纪要
限时特价中！
链接：https://...

【知乎 - 内容创作者效率包】
分享一个实用工具：内容创作者效率包

视频创作·图文排版·多平台发布·AI辅助，专为自媒体人打造的全流程工具包

💰 价格：¥299（限时折扣）


适用场景：
- 视频字幕提取+自动加字幕+智能剪辑
- 多平台一键排版发布+社媒运营
- AI脚本生成+数字人主播+声音克隆

想了解详情的朋友可以访...

【知乎 - 办公自动化全家桶】
分享一个实用工具：办公自动化全家桶

文件批处理·PDF·Excel·AI写作·数据分析，覆盖90%办公场景的效率工具包

💰 价格：¥199（限时折扣）


适用场景：
- 文件批量重命名+智能分类+PDF全能工具箱
- Excel宏工具包+数据清洗+数据可视化
- AI写作助手+批量翻译+会议纪...


🏭 检查工具开发流水线...
📦 已开发 40 个工具代码文件
📋 产品列表: 83 个
💰 总价值: ¥6679
💵 累计收入: ¥164
📝 总订单: 6

🌐 检查 Zeabur 部署...
⚠️ Zeabur 检查失败: <urlopen error [Errno 61] Connection refused>

📋 检查待处理订单...
✅ 无待处理订单
💰 累计收入: ¥164

🎯 每日目标检查...
📈 今日收入: ¥0 (0单)
💪 还差 ¥100 达到日目标
💡 建议: 重点推广 VIP会员(¥199) 或 三件套(¥79)

✅ 每日运营完成
==========================================


==========================================
 🚀 AutoTools 每日运营系统
 📅 2026-07-29 14:00:04
==========================================
🔧 启动本地服务器...
✅ 服务器已启动 (PID: 87537)

📊 生成每日报告...
Revenue report: No module named 'revenue'
✅ Report: /Users/tianmengpiaoxiang/auto_business/daily_report/reports/report_2026-07-29.html
💰 Revenue: ¥164, Orders: 6
📈 Today: ¥0, 0 orders

💰 收益分析...
==================================================
  💰 AutoTools 收益报告
  2026-07-29 14:00
==================================================

  累计收益: ¥164 (6单)
  今日收益: ¥0 (0单)
  本周收益: ¥145
  本月收益: ¥145

  📊 目标达成率:
    dai:  ¥0/100 ░░░░░░░░░░   0.0%
    wee: ¥145/700 ██░░░░░░░░   20.7%
    mon: ¥145/3000 ░░░░░░░░░░   4.8%

  💡 优化方案:
    【daily目标】尚未有收入，需要立即启动推广！¥100/天
    【weekly目标】达成率20.7%，需要加大推广力度
    【monthly目标】达成率4.8%，需要加大推广力度
    【畅销品】file_tools 收入¥164，建议重点推广
    【增收建议】推广 VIP 会员（¥199），利润率最高
    【增收建议】推出企业定制服务，单价 ¥500+
    【增收建议】闲鱼每天发1条商品信息，坚持7天
    【增收建议】朋友圈每3天分享1次客户好评
    【今日目标】至少完成1单（¥29-¥199）


📢 生成推广文案...

==================================================
  📢 AutoTools 推广文案已生成!
  📅 2026-07-29 14:00
  📦 产品数: 83
  📱 平台数: 5
==================================================

【闲鱼 - 内容创作者效率包】
【内容创作者效率包】🔥 视频创作·图文排版·多平台发布·AI辅助，专为自媒体人打造的全流程工具包

💰 价格：仅¥299（原价¥598，省¥299）


✅ 一次购买，永久使用
✅ 终身免费更新
✅ 售后技术支持

适用场景：
• 视频字幕提取+自动加字幕+智能剪辑
• 多平台一键排版发布+社媒运营...

【闲鱼 - 办公自动化全家桶】
【办公自动化全家桶】🔥 文件批处理·PDF·Excel·AI写作·数据分析，覆盖90%办公场景的效率工具包

💰 价格：仅¥199（原价¥428，省¥229）


✅ 一次购买，永久使用
✅ 终身免费更新
✅ 售后技术支持

适用场景：
• 文件批量重命名+智能分类+PDF全能工具箱
• Excel...

【朋友圈 - 内容创作者效率包】
最近发现一个超好用的工具：内容创作者效率包，视频创作·图文排版·多平台发布·AI辅助，专为自媒体人打造的全流程工具包...只要¥299，限时省¥299！需要的小伙伴私信我～...

【朋友圈 - 办公自动化全家桶】
最近发现一个超好用的工具：办公自动化全家桶，文件批处理·PDF·Excel·AI写作·数据分析，覆盖90%办公场景的效率工具...只要¥199，限时省¥229！需要的小伙伴私信我～...

【小红书 - 内容创作者效率包】
✨ 我的天！内容创作者效率包竟然只要¥299？！

一直为重复工作发愁，直到发现这个神器！
视频创作·图文排版·多平台发布·AI辅助，专为自媒体人打造的全流程工具包

🔥 它能做什么？
✅ 视频字幕提取+自动加字幕+智能剪辑
✅ 多平台一键排版发布+社媒运营
✅ AI脚本生成+数字人主播+声音克隆
...

【小红书 - 办公自动化全家桶】
✨ 我的天！办公自动化全家桶竟然只要¥199？！

一直为重复工作发愁，直到发现这个神器！
文件批处理·PDF·Excel·AI写作·数据分析，覆盖90%办公场景的效率工具包

🔥 它能做什么？
✅ 文件批量重命名+智能分类+PDF全能工具箱
✅ Excel宏工具包+数据清洗+数据可视化
✅ AI写...

【贴吧 - 内容创作者效率包】
【推荐】内容创作者效率包 - 仅需¥299
视频创作·图文排版·多平台发布·AI辅助，专为自媒体人打造的全流程工具包...
适用：视频字幕提取+自动加字幕+智能剪辑, 多平台一键排版发布+社媒运营, AI脚本生成+数字人主播+声音克隆
限时特价中！
链接：https://xiaxiaojun.zea...

【贴吧 - 办公自动化全家桶】
【推荐】办公自动化全家桶 - 仅需¥199
文件批处理·PDF·Excel·AI写作·数据分析，覆盖90%办公场景的效率工具包...
适用：文件批量重命名+智能分类+PDF全能工具箱, Excel宏工具包+数据清洗+数据可视化, AI写作助手+批量翻译+会议纪要
限时特价中！
链接：https://...

【知乎 - 内容创作者效率包】
分享一个实用工具：内容创作者效率包

视频创作·图文排版·多平台发布·AI辅助，专为自媒体人打造的全流程工具包

💰 价格：¥299（限时折扣）


适用场景：
- 视频字幕提取+自动加字幕+智能剪辑
- 多平台一键排版发布+社媒运营
- AI脚本生成+数字人主播+声音克隆

想了解详情的朋友可以访...

【知乎 - 办公自动化全家桶】
分享一个实用工具：办公自动化全家桶

文件批处理·PDF·Excel·AI写作·数据分析，覆盖90%办公场景的效率工具包

💰 价格：¥199（限时折扣）


适用场景：
- 文件批量重命名+智能分类+PDF全能工具箱
- Excel宏工具包+数据清洗+数据可视化
- AI写作助手+批量翻译+会议纪...


🏭 检查工具开发流水线...
📦 已开发 40 个工具代码文件
📋 产品列表: 83 个
💰 总价值: ¥6679
💵 累计收入: ¥164
📝 总订单: 6

🌐 检查 Zeabur 部署...
⚠️ Zeabur 检查失败: <urlopen error [Errno 61] Connection refused>

📋 检查待处理订单...
✅ 无待处理订单
💰 累计收入: ¥164

🎯 每日目标检查...
📈 今日收入: ¥0 (0单)
💪 还差 ¥100 达到日目标
💡 建议: 重点推广 VIP会员(¥199) 或 三件套(¥79)

✅ 每日运营完成
==========================================

