[2026-07-27 20:00:00] 
[2026-07-27 20:00:00] ==================================================
[2026-07-27 20:00:00]   🌙 AutoTools 晚间工作流启动
[2026-07-27 20:00:00]   ⏰ 2026-07-27 20:00:00
[2026-07-27 20:00:00] ==================================================
[2026-07-27 20:00:00] 🔧 第零步：系统维护检查...
[2026-07-27 20:00:03]     ✅ 系统健康
[2026-07-27 20:00:03] 🔍 检查服务器状态...
[2026-07-27 20:00:03]     ✅ 本地服务器在线 (HTTP 200)
[2026-07-27 20:00:03] 📊 第一步：分析热门应用趋势...
[2026-07-27 20:00:03]     趋势类别: 7
[2026-07-27 20:00:03]     已有产品: 58
[2026-07-27 20:00:03]     可开发: 40 个
[2026-07-27 20:00:03]     推荐开发: 2 个
[2026-07-27 20:00:03]       ✅ AI代码审查工具 (¥59)
[2026-07-27 20:00:03]       ✅ 直播辅助工具 (¥49)
[2026-07-27 20:00:03] 🔧 第二步：开发 2 个新工具...
[2026-07-27 20:00:03]      📄 代码生成: /Users/tianmengpiaoxiang/auto_business/products/ai工具/ai_code_review.py
[2026-07-27 20:00:03]      ✅ 已上架: AI代码审查工具 ¥59
[2026-07-27 20:00:03]      📄 代码生成: /Users/tianmengpiaoxiang/auto_business/products/短视频_直播工具/live_stream_helper.py
[2026-07-27 20:00:03]      ✅ 已上架: 直播辅助工具 ¥49
[2026-07-27 20:00:03]      📊 产品总数: 60, 总价值: ¥4390
[2026-07-27 20:00:03] 📰 执行平台发布（今日头条+百家号）...
[2026-07-27 20:00:03]    清理旧的浏览器进程...
[2026-07-27 20:00:05] 
[2026-07-27 20:00:05] ==================================================
[2026-07-27 20:00:05]   🌙 AutoTools 晚间工作流启动
[2026-07-27 20:00:05]   ⏰ 2026-07-27 20:00:05
[2026-07-27 20:00:05] ==================================================
[2026-07-27 20:00:05] 🔧 第零步：系统维护检查...
[2026-07-27 20:00:05]     ✅ 系统健康
[2026-07-27 20:00:05] 🔍 检查服务器状态...
[2026-07-27 20:00:05]     ✅ 本地服务器在线 (HTTP 200)
[2026-07-27 20:00:05] 📊 第一步：分析热门应用趋势...
[2026-07-27 20:00:05]     趋势类别: 7
[2026-07-27 20:00:05]     已有产品: 60
[2026-07-27 20:00:05]     可开发: 38 个
[2026-07-27 20:00:05]     推荐开发: 2 个
[2026-07-27 20:00:05]       ✅ AI写作助手 (¥35)
[2026-07-27 20:00:05]       ✅ 弹幕采集工具 (¥35)
[2026-07-27 20:00:05] 🔧 第二步：开发 2 个新工具...
[2026-07-27 20:00:05]      📄 代码生成: /Users/tianmengpiaoxiang/auto_business/products/ai工具/ai_writing_assist.py
[2026-07-27 20:00:05]      ✅ 已上架: AI写作助手 ¥35
[2026-07-27 20:00:05]      📄 代码生成: /Users/tianmengpiaoxiang/auto_business/products/短视频_直播工具/danmaku_collect.py
[2026-07-27 20:00:05]      ✅ 已上架: 弹幕采集工具 ¥35
[2026-07-27 20:00:05]      📊 产品总数: 62, 总价值: ¥4460
[2026-07-27 20:00:05] 📰 执行平台发布（今日头条+百家号）...
[2026-07-27 20:00:05]    清理旧的浏览器进程...
[2026-07-27 20:00:06]    📰 发布到今日头条...
[2026-07-27 20:00:09]    📰 发布到今日头条...
[2026-07-27 20:00:13]     ⚠️ 头条发布状态: Need login
[2026-07-27 20:00:13]     💾 文章已保存到 /tmp/toutiao_ready.txt
[2026-07-27 20:00:14]     ⚠️ 头条发布状态: Need login
[2026-07-27 20:00:14]     💾 文章已保存到 /tmp/toutiao_ready.txt
[2026-07-27 20:00:20]    📰 发布到百家号...
[2026-07-27 20:00:22]    📰 发布到百家号...
[2026-07-27 20:00:36]     ⚠️ 百家号发布状态: Cannot find editor fields
[2026-07-27 20:00:36]     📊 发布统计: 共0次, 成功0次
[2026-07-27 20:00:36]     ✅ 平台发布流程完成
[2026-07-27 20:00:36] 📈 第三步：生成运营报告...
[2026-07-27 20:00:36]     ✅ 运营报告已生成
[2026-07-27 20:00:36]     ✅ 优化报告已生成
[2026-07-27 20:00:36] 📢 生成推广内容...
[2026-07-27 20:00:36]     ✅ 生成了 372 条推广内容
[2026-07-27 20:00:36]     ✅ 创建了 3 个优惠码
[2026-07-27 20:00:36] 📧 第四步：发送邮件报告...
[2026-07-27 20:00:37]     ⚠️ 百家号发布状态: Cannot find editor fields
[2026-07-27 20:00:37]     📊 发布统计: 共0次, 成功0次
[2026-07-27 20:00:37]     ✅ 平台发布流程完成
[2026-07-27 20:00:37] 📈 第三步：生成运营报告...
[2026-07-27 20:00:37]     ✅ 运营报告已生成
[2026-07-27 20:00:37]     ✅ 优化报告已生成
[2026-07-27 20:00:37] 📢 生成推广内容...
[2026-07-27 20:00:37]     ✅ 生成了 372 条推广内容
[2026-07-27 20:00:37]     ✅ 创建了 3 个优惠码
[2026-07-27 20:00:37] 📧 第四步：发送邮件报告...
[2026-07-27 20:01:06]     ✅ 邮件处理完成
[2026-07-27 20:01:06] 📤 第五步：推送到GitHub...
