[2026-07-28 20:00:00] 
[2026-07-28 20:00:00] ==================================================
[2026-07-28 20:00:00]   🌙 AutoTools 晚间工作流启动
[2026-07-28 20:00:00]   ⏰ 2026-07-28 20:00:00
[2026-07-28 20:00:00] ==================================================
[2026-07-28 20:00:00] 🔧 第零步：系统维护检查...
[2026-07-28 20:00:00] 
[2026-07-28 20:00:00] ==================================================
[2026-07-28 20:00:00]   🔧 AutoTools 系统维护
[2026-07-28 20:00:00]   ⏰ 2026-07-28 20:00:00
[2026-07-28 20:00:00] ==================================================
[2026-07-28 20:00:00] 🔍 检查Web服务器健康状态...
[2026-07-28 20:00:00]     ✅ 端口 8000 正在监听
[2026-07-28 20:00:00]     ✅ HTTP 200 OK (166978 bytes)
[2026-07-28 20:00:00]     ✅ 产品渲染: 192 个卡片
[2026-07-28 20:00:00]     ✅ API正常: 6单/¥164
[2026-07-28 20:00:00] 📦 检查产品数据完整性...
[2026-07-28 20:00:00]     ✅ 79 个产品
[2026-07-28 20:00:00]     ✅ 无重复ID
[2026-07-28 20:00:00] 📋 检查订单数据完整性...
[2026-07-28 20:00:00]     ✅ 6 笔订单, 累计收入: ¥164
[2026-07-28 20:00:00]     ✅ 无待处理订单
[2026-07-28 20:00:00] ⏰ 检查LaunchAgent定时任务...
[2026-07-28 20:00:00]     ✅ com.auto.daily 已加载
[2026-07-28 20:00:01]     ✅ com.auto.evening 已加载
[2026-07-28 20:00:01]     ✅ com.auto.flask 已加载
[2026-07-28 20:00:01]     ✅ com.auto.optimizer 已加载
[2026-07-28 20:00:01] 💾 检查磁盘空间...
[2026-07-28 20:00:01]     💿 总空间: 460.4GB, 已用: 20.2%, 剩余: 367.3GB
[2026-07-28 20:00:01]     ✅ 磁盘空间充足
[2026-07-28 20:00:01] 🌐 检查网络连通性...
[2026-07-28 20:00:01]     ✅ github.com:443 可达
[2026-07-28 20:00:01]     ✅ api.github.com:443 可达
[2026-07-28 20:00:01] 🧹 清理旧文件...
[2026-07-28 20:00:01]     ✅ 清理旧报告: 0 个
[2026-07-28 20:00:01]     ✅ 维护日志已截断: 505 -> 400 行
[2026-07-28 20:00:01] 
[2026-07-28 20:00:01] ==================================================
[2026-07-28 20:00:01]   ✅ 系统维护完成
[2026-07-28 20:00:01]   ⏱ 耗时: 0秒
[2026-07-28 20:00:01]   ✅ 系统健康
[2026-07-28 20:00:01]   📄 报告: /Users/tianmengpiaoxiang/auto_business/daily_report/reports/maintenance_2026-07-28.html
[2026-07-28 20:00:01] ==================================================
[2026-07-28 20:00:01] 
[2026-07-28 20:00:01]     ✅ 系统健康
[2026-07-28 20:00:01] 🔍 检查服务器状态...
[2026-07-28 20:00:01]     ✅ 本地服务器在线 (HTTP 200)
[2026-07-28 20:00:01] 📊 第一步：分析热门应用趋势...

==================================================
  🔍 AutoTools 热门应用分析
  📅 2026-07-28
==================================================

  🔥🔥🔥🔥🔥 AI工具
    趋势: AI应用持续火爆，市场需求旺盛
    已开发: 4/7 | 可开发: 3
    ✅ 推荐: AI思维导图工具 (¥29) - 文字描述自动生成思维导图

  🔥🔥🔥🔥🔥 短视频/直播工具
    趋势: 短视频行业持续增长，工具需求旺盛
    已开发: 2/6 | 可开发: 4
    ✅ 推荐: 抖音自动回复 (¥45) - 自动回复评论和私信

  🔥🔥🔥🔥 电商/购物工具
    趋势: 电商竞争激烈，工具需求稳定
    已开发: 0/6 | 可开发: 6
    ✅ 推荐: 商品比价工具 (¥29) - 多平台商品价格对比

  🔥🔥🔥🔥 办公效率工具
    趋势: 远程办公常态化，效率工具需求持续
    已开发: 0/6 | 可开发: 6
    ✅ 推荐: 会议记录工具 (¥35) - 语音转文字会议记录

  🔥🔥🔥🔥 自媒体/内容创作
    趋势: 自媒体创作者持续增长
    已开发: 0/6 | 可开发: 6
    ✅ 推荐: 自媒体数据看板 (¥45) - 各平台数据统一展示

  🔥🔥🔥 学习/教育工具
    趋势: 在线教育持续发展
    已开发: 0/5 | 可开发: 5
    ✅ 推荐: 智能记忆卡片 (¥25) - AI生成记忆卡片辅助学习

  🔥🔥🔥 生活/实用工具
    趋势: 生活类工具需求稳定
    已开发: 0/6 | 可开发: 6
    ✅ 推荐: 习惯追踪工具 (¥19) - 养成好习惯的打卡工具

==================================================
  🎯 今日推荐开发 (2个)
==================================================

  1. AI思维导图工具
     类别: AI工具 🔥🔥🔥🔥🔥
     说明: 文字描述自动生成思维导图
     定价: ¥29
     理由: AI工具趋势火爆(🔥🔥🔥🔥🔥)，AI思维导图工具市场需求大

  2. 抖音自动回复
     类别: 短视频/直播工具 🔥🔥🔥🔥🔥
     说明: 自动回复评论和私信
     定价: ¥45
     理由: 短视频/直播工具趋势火爆(🔥🔥🔥🔥🔥)，抖音自动回复市场需求大
[2026-07-28 20:00:01]     趋势类别: 7
[2026-07-28 20:00:01]     已有产品: 79
[2026-07-28 20:00:01]     可开发: 36 个
[2026-07-28 20:00:01]     推荐开发: 2 个
[2026-07-28 20:00:01]       ✅ AI思维导图工具 (¥29)
[2026-07-28 20:00:01]       ✅ 抖音自动回复 (¥45)
[2026-07-28 20:00:01] 🔧 第二步：开发 2 个新工具...
[2026-07-28 20:00:01]      📄 代码生成: /Users/tianmengpiaoxiang/auto_business/products/ai工具/ai_mindmap.py
[2026-07-28 20:00:01]      ✅ 已上架: AI思维导图工具 ¥29
[2026-07-28 20:00:01]      📄 代码生成: /Users/tianmengpiaoxiang/auto_business/products/短视频_直播工具/tiktok_auto_reply.py
[2026-07-28 20:00:01]      ✅ 已上架: 抖音自动回复 ¥45
[2026-07-28 20:00:01]      📊 产品总数: 81, 总价值: ¥6585
[2026-07-28 20:00:01] 📰 执行平台发布（今日头条+百家号）...
[2026-07-28 20:00:01]    清理旧的浏览器进程...
[2026-07-28 20:00:06]    📰 发布到今日头条...
[2026-07-28 20:00:06] Starting Toutiao publish: 老工程人的养生经：干了20年工地身体还很好
[2026-07-28 20:00:13]     ⚠️ 头条发布状态: Need login
[2026-07-28 20:00:13]     💾 文章已保存到 /tmp/toutiao_ready.txt
[2026-07-28 20:00:21]    📰 发布到百家号...
[2026-07-28 20:00:21] Starting Baijiahao publish: 别再手动重复了，自动化才是你的救星
[2026-07-28 20:00:29]     ⚠️ 百家号发布状态: Open failed: Exit code 1: /bin/sh: ioreg: command not found
[2026-07-28 20:00:29]     📊 发布统计: 共0次, 成功0次
[2026-07-28 20:00:29]     ✅ 平台发布流程完成
[2026-07-28 20:00:29] 📈 第三步：生成运营报告...
✅ Report: /Users/tianmengpiaoxiang/auto_business/daily_report/reports/report_2026-07-28.html
💰 Revenue: ¥164, Orders: 6
📈 Today: ¥145, 5 orders
[2026-07-28 20:00:29]     ✅ 运营报告已生成

==================================================
  🚀 AutoTools 优化报告
  📅 2026-07-28 | 2026-07-28 20:00:29
==================================================
  💰 累计: ¥164 | 6单
  📈 今日: ¥145 | 5单
  📋 待处理: 0单
  📦 产品: 83个

  💡 Top策略:
    🟢 [达成] 今日收入¥145，达成日目标🎉
    🏆 [畅销] 文件批处理大师(6单/¥164)
    📢 [推广] 重点推广文件批处理大师，闲鱼/小红书多发帖
    💎 [高利] 高价值服务(9个): ¥299-¥1999
    🎯 [推荐] 企业客户推荐定制开发(¥499)和企业部署(¥999)

  📄 报告: /Users/tianmengpiaoxiang/auto_business/daily_report/reports/optimize_2026-07-28.html
==================================================

[2026-07-28 20:00:29]     ✅ 优化报告已生成
[2026-07-28 20:00:29] 📢 生成推广内容...
[2026-07-28 20:00:29]     ❌ 推广生成失败: 'total_posts'
