[2026-07-30 05:27:02]     ✅ 清理旧报告: 0 个
[2026-07-30 05:27:02] 
[2026-07-30 05:27:02] ==================================================
[2026-07-30 05:27:02]   ✅ 系统维护完成
[2026-07-30 05:27:02]   ⏱ 耗时: 0秒
[2026-07-30 05:27:02]   ✅ 系统健康
[2026-07-30 05:27:02]   📄 报告: /Users/tianmengpiaoxiang/auto_business/daily_report/reports/maintenance_2026-07-30.html
[2026-07-30 05:27:02] ==================================================
[2026-07-30 05:27:02] 
[2026-07-30 06:00:00] 
[2026-07-30 06:00:00] ==================================================
[2026-07-30 06:00:00]   🔧 AutoTools 系统维护
[2026-07-30 06:00:00]   ⏰ 2026-07-30 06:00:00
[2026-07-30 06:00:00] ==================================================
[2026-07-30 06:00:00] 🔍 检查Web服务器健康状态...
[2026-07-30 06:00:00]     ✅ 端口 8000 正在监听
[2026-07-30 06:00:00]     ✅ HTTP 200 OK (189587 bytes)
[2026-07-30 06:00:00]     ✅ 产品渲染: 200 个卡片
[2026-07-30 06:00:00]     ✅ API正常: 6单/¥164
[2026-07-30 06:00:00] 📦 检查产品数据完整性...
[2026-07-30 06:00:00]     ✅ 87 个产品
[2026-07-30 06:00:00]     ✅ 无重复ID
[2026-07-30 06:00:00] 📋 检查订单数据完整性...
[2026-07-30 06:00:00]     ✅ 6 笔订单, 累计收入: ¥164
[2026-07-30 06:00:00]     ✅ 无待处理订单
[2026-07-30 06:00:00] ⏰ 检查LaunchAgent定时任务...
[2026-07-30 06:00:00]     ✅ com.auto.daily 已加载
[2026-07-30 06:00:00]     ✅ com.auto.evening 已加载
[2026-07-30 06:00:00]     ✅ com.auto.flask 已加载
[2026-07-30 06:00:00]     ✅ com.auto.optimizer 已加载
[2026-07-30 06:00:00] 💾 检查磁盘空间...
[2026-07-30 06:00:00]     💿 总空间: 460.4GB, 已用: 20.6%, 剩余: 365.7GB
[2026-07-30 06:00:00]     ✅ 磁盘空间充足
[2026-07-30 06:00:00] 🌐 检查网络连通性...
[2026-07-30 06:00:01]     ✅ github.com:443 可达
[2026-07-30 06:00:01]     ✅ api.github.com:443 可达
[2026-07-30 06:00:01] 🧹 清理旧文件...
[2026-07-30 06:00:01]     ✅ 清理旧报告: 0 个
[2026-07-30 06:00:01] 
[2026-07-30 06:00:01] ==================================================
[2026-07-30 06:00:01]   ✅ 系统维护完成
[2026-07-30 06:00:01]   ⏱ 耗时: 0秒
[2026-07-30 06:00:01]   ✅ 系统健康
[2026-07-30 06:00:01]   📄 报告: /Users/tianmengpiaoxiang/auto_business/daily_report/reports/maintenance_2026-07-30.html
[2026-07-30 06:00:01] ==================================================
[2026-07-30 06:00:01] 
[2026-07-30 08:00:00] 
[2026-07-30 08:00:00] ==================================================
[2026-07-30 08:00:00]   🔧 AutoTools 系统维护
[2026-07-30 08:00:00]   ⏰ 2026-07-30 08:00:00
[2026-07-30 08:00:00] ==================================================
[2026-07-30 08:00:00] 🔍 检查Web服务器健康状态...
[2026-07-30 08:00:00]     ✅ 端口 8000 正在监听
[2026-07-30 08:00:00]     ✅ HTTP 200 OK (189591 bytes)
[2026-07-30 08:00:00]     ✅ 产品渲染: 200 个卡片
[2026-07-30 08:00:00]     ✅ API正常: 6单/¥164
[2026-07-30 08:00:00] 📦 检查产品数据完整性...
[2026-07-30 08:00:00]     ✅ 87 个产品
[2026-07-30 08:00:00]     ✅ 无重复ID
[2026-07-30 08:00:00] 📋 检查订单数据完整性...
[2026-07-30 08:00:00]     ✅ 6 笔订单, 累计收入: ¥164
[2026-07-30 08:00:00]     ✅ 无待处理订单
[2026-07-30 08:00:00] ⏰ 检查LaunchAgent定时任务...
[2026-07-30 08:00:00]     ✅ com.auto.daily 已加载
[2026-07-30 08:00:00]     ✅ com.auto.evening 已加载
[2026-07-30 08:00:00]     ✅ com.auto.flask 已加载
[2026-07-30 08:00:00]     ✅ com.auto.optimizer 已加载
[2026-07-30 08:00:00] 💾 检查磁盘空间...
[2026-07-30 08:00:00]     💿 总空间: 460.4GB, 已用: 20.8%, 剩余: 364.5GB
[2026-07-30 08:00:00]     ✅ 磁盘空间充足
[2026-07-30 08:00:00] 🌐 检查网络连通性...
[2026-07-30 08:00:00]     ✅ github.com:443 可达
[2026-07-30 08:00:00]     ✅ api.github.com:443 可达
[2026-07-30 08:00:00] 🧹 清理旧文件...
[2026-07-30 08:00:00]     ✅ 清理旧报告: 0 个
[2026-07-30 08:00:00]     ✅ 维护日志已截断: 512 -> 400 行
[2026-07-30 08:00:00] 
[2026-07-30 08:00:00] ==================================================
[2026-07-30 08:00:00]   ✅ 系统维护完成
[2026-07-30 08:00:00]   ⏱ 耗时: 0秒
[2026-07-30 08:00:00]   ✅ 系统健康
[2026-07-30 08:00:00]   📄 报告: /Users/tianmengpiaoxiang/auto_business/daily_report/reports/maintenance_2026-07-30.html
[2026-07-30 08:00:00] ==================================================
[2026-07-30 08:00:00] 
[2026-07-30 10:00:00] 
[2026-07-30 10:00:00] ==================================================
[2026-07-30 10:00:00]   🔧 AutoTools 系统维护
[2026-07-30 10:00:00]   ⏰ 2026-07-30 10:00:00
[2026-07-30 10:00:00] ==================================================
[2026-07-30 10:00:00] 🔍 检查Web服务器健康状态...
[2026-07-30 10:00:00]     ✅ 端口 8000 正在监听
[2026-07-30 10:00:00]     ✅ HTTP 200 OK (189584 bytes)
[2026-07-30 10:00:00]     ✅ 产品渲染: 200 个卡片
[2026-07-30 10:00:00]     ✅ API正常: 6单/¥164
[2026-07-30 10:00:00] 📦 检查产品数据完整性...
[2026-07-30 10:00:00]     ✅ 87 个产品
[2026-07-30 10:00:00]     ✅ 无重复ID
[2026-07-30 10:00:00] 📋 检查订单数据完整性...
[2026-07-30 10:00:00]     ✅ 6 笔订单, 累计收入: ¥164
[2026-07-30 10:00:00]     ✅ 无待处理订单
[2026-07-30 10:00:00] ⏰ 检查LaunchAgent定时任务...
[2026-07-30 10:00:00]     ✅ com.auto.daily 已加载
[2026-07-30 10:00:00]     ✅ com.auto.evening 已加载
[2026-07-30 10:00:00]     ✅ com.auto.flask 已加载
[2026-07-30 10:00:00]     ✅ com.auto.optimizer 已加载
[2026-07-30 10:00:00] 💾 检查磁盘空间...
[2026-07-30 10:00:00]     💿 总空间: 460.4GB, 已用: 20.8%, 剩余: 364.5GB
[2026-07-30 10:00:00]     ✅ 磁盘空间充足
[2026-07-30 10:00:00] 🌐 检查网络连通性...
[2026-07-30 10:00:00]     ✅ github.com:443 可达
[2026-07-30 10:00:00]     ✅ api.github.com:443 可达
[2026-07-30 10:00:00] 🧹 清理旧文件...
[2026-07-30 10:00:00]     ✅ 清理旧报告: 0 个
[2026-07-30 10:00:00] 
[2026-07-30 10:00:00] ==================================================
[2026-07-30 10:00:00]   ✅ 系统维护完成
[2026-07-30 10:00:00]   ⏱ 耗时: 0秒
[2026-07-30 10:00:00]   ✅ 系统健康
[2026-07-30 10:00:00]   📄 报告: /Users/tianmengpiaoxiang/auto_business/daily_report/reports/maintenance_2026-07-30.html
[2026-07-30 10:00:00] ==================================================
[2026-07-30 10:00:00] 
[2026-07-30 11:27:03] 
[2026-07-30 11:27:03] ==================================================
[2026-07-30 11:27:03]   🔧 AutoTools 系统维护
[2026-07-30 11:27:03]   ⏰ 2026-07-30 11:27:03
[2026-07-30 11:27:03] ==================================================
[2026-07-30 11:27:03] 🔍 检查Web服务器健康状态...
[2026-07-30 11:27:03]     ✅ 端口 8000 正在监听
[2026-07-30 11:27:03]     ✅ HTTP 200 OK (189575 bytes)
[2026-07-30 11:27:03]     ✅ 产品渲染: 200 个卡片
[2026-07-30 11:27:03]     ✅ API正常: 6单/¥164
[2026-07-30 11:27:03] 📦 检查产品数据完整性...
[2026-07-30 11:27:03]     ✅ 87 个产品
[2026-07-30 11:27:03]     ✅ 无重复ID
[2026-07-30 11:27:03] 📋 检查订单数据完整性...
[2026-07-30 11:27:03]     ✅ 6 笔订单, 累计收入: ¥164
[2026-07-30 11:27:03]     ✅ 无待处理订单
[2026-07-30 11:27:03] ⏰ 检查LaunchAgent定时任务...
[2026-07-30 11:27:03]     ✅ com.auto.daily 已加载
[2026-07-30 11:27:03]     ✅ com.auto.evening 已加载
[2026-07-30 11:27:03]     ✅ com.auto.flask 已加载
[2026-07-30 11:27:03]     ✅ com.auto.optimizer 已加载
[2026-07-30 11:27:03] 💾 检查磁盘空间...
[2026-07-30 11:27:03]     💿 总空间: 460.4GB, 已用: 21.3%, 剩余: 362.4GB
[2026-07-30 11:27:03]     ✅ 磁盘空间充足
[2026-07-30 11:27:03] 🌐 检查网络连通性...
[2026-07-30 11:27:03]     ✅ github.com:443 可达
[2026-07-30 11:27:04]     ✅ api.github.com:443 可达
[2026-07-30 11:27:04] 🧹 清理旧文件...
[2026-07-30 11:27:04]     ✅ 清理旧报告: 0 个
[2026-07-30 11:27:04] 
[2026-07-30 11:27:04] ==================================================
[2026-07-30 11:27:04]   ✅ 系统维护完成
[2026-07-30 11:27:04]   ⏱ 耗时: 1秒
[2026-07-30 11:27:04]   ✅ 系统健康
[2026-07-30 11:27:04]   📄 报告: /Users/tianmengpiaoxiang/auto_business/daily_report/reports/maintenance_2026-07-30.html
[2026-07-30 11:27:04] ==================================================
[2026-07-30 11:27:04] 
[2026-07-30 12:00:00] 
[2026-07-30 12:00:00] ==================================================
[2026-07-30 12:00:00]   🔧 AutoTools 系统维护
[2026-07-30 12:00:00]   ⏰ 2026-07-30 12:00:00
[2026-07-30 12:00:00] ==================================================
[2026-07-30 12:00:00] 🔍 检查Web服务器健康状态...
[2026-07-30 12:00:00]     ✅ 端口 8000 正在监听
[2026-07-30 12:00:01]     ✅ HTTP 200 OK (189582 bytes)
[2026-07-30 12:00:01]     ✅ 产品渲染: 200 个卡片
[2026-07-30 12:00:01]     ✅ API正常: 6单/¥164
[2026-07-30 12:00:01] 📦 检查产品数据完整性...
[2026-07-30 12:00:01]     ✅ 87 个产品
[2026-07-30 12:00:01]     ✅ 无重复ID
[2026-07-30 12:00:01] 📋 检查订单数据完整性...
[2026-07-30 12:00:01]     ✅ 6 笔订单, 累计收入: ¥164
[2026-07-30 12:00:01]     ✅ 无待处理订单
[2026-07-30 12:00:01] ⏰ 检查LaunchAgent定时任务...
[2026-07-30 12:00:01]     ✅ com.auto.daily 已加载
[2026-07-30 12:00:01]     ✅ com.auto.evening 已加载
[2026-07-30 12:00:01]     ✅ com.auto.flask 已加载
[2026-07-30 12:00:01]     ✅ com.auto.optimizer 已加载
[2026-07-30 12:00:01] 💾 检查磁盘空间...
[2026-07-30 12:00:01]     💿 总空间: 460.4GB, 已用: 21.3%, 剩余: 362.4GB
[2026-07-30 12:00:01]     ✅ 磁盘空间充足
[2026-07-30 12:00:01] 🌐 检查网络连通性...
[2026-07-30 12:00:01]     ✅ github.com:443 可达
[2026-07-30 12:00:01]     ✅ api.github.com:443 可达
[2026-07-30 12:00:01] 🧹 清理旧文件...
[2026-07-30 12:00:01]     ✅ 清理旧报告: 0 个
[2026-07-30 12:00:01]     ✅ 维护日志已截断: 512 -> 400 行
[2026-07-30 12:00:01] 
[2026-07-30 12:00:01] ==================================================
[2026-07-30 12:00:01]   ✅ 系统维护完成
[2026-07-30 12:00:01]   ⏱ 耗时: 0秒
[2026-07-30 12:00:01]   ✅ 系统健康
[2026-07-30 12:00:01]   📄 报告: /Users/tianmengpiaoxiang/auto_business/daily_report/reports/maintenance_2026-07-30.html
[2026-07-30 12:00:01] ==================================================
[2026-07-30 12:00:01] 
[2026-07-30 14:00:00] 
[2026-07-30 14:00:00] ==================================================
[2026-07-30 14:00:00]   🔧 AutoTools 系统维护
[2026-07-30 14:00:00]   ⏰ 2026-07-30 14:00:00
[2026-07-30 14:00:00] ==================================================
[2026-07-30 14:00:00] 🔍 检查Web服务器健康状态...
[2026-07-30 14:00:00]     ✅ 端口 8000 正在监听
[2026-07-30 14:00:00]     ✅ HTTP 200 OK (189587 bytes)
[2026-07-30 14:00:00]     ✅ 产品渲染: 200 个卡片
[2026-07-30 14:00:00]     ✅ API正常: 6单/¥164
[2026-07-30 14:00:00] 📦 检查产品数据完整性...
[2026-07-30 14:00:00]     ✅ 87 个产品
[2026-07-30 14:00:00]     ✅ 无重复ID
[2026-07-30 14:00:00] 📋 检查订单数据完整性...
[2026-07-30 14:00:00]     ✅ 6 笔订单, 累计收入: ¥164
[2026-07-30 14:00:00]     ✅ 无待处理订单
[2026-07-30 14:00:00] ⏰ 检查LaunchAgent定时任务...
[2026-07-30 14:00:00]     ✅ com.auto.daily 已加载
[2026-07-30 14:00:00]     ✅ com.auto.evening 已加载
[2026-07-30 14:00:00]     ✅ com.auto.flask 已加载
[2026-07-30 14:00:00]     ✅ com.auto.optimizer 已加载
[2026-07-30 14:00:00] 💾 检查磁盘空间...
[2026-07-30 14:00:00]     💿 总空间: 460.4GB, 已用: 21.3%, 剩余: 362.4GB
[2026-07-30 14:00:00]     ✅ 磁盘空间充足
[2026-07-30 14:00:00] 🌐 检查网络连通性...
[2026-07-30 14:00:01]     ✅ github.com:443 可达
[2026-07-30 14:00:01]     ✅ api.github.com:443 可达
[2026-07-30 14:00:01] 🧹 清理旧文件...
[2026-07-30 14:00:01]     ✅ 清理旧报告: 0 个
[2026-07-30 14:00:01] 
[2026-07-30 14:00:01] ==================================================
[2026-07-30 14:00:01]   ✅ 系统维护完成
[2026-07-30 14:00:01]   ⏱ 耗时: 1秒
[2026-07-30 14:00:01]   ✅ 系统健康
[2026-07-30 14:00:01]   📄 报告: /Users/tianmengpiaoxiang/auto_business/daily_report/reports/maintenance_2026-07-30.html
[2026-07-30 14:00:01] ==================================================
[2026-07-30 14:00:01] 
[2026-07-30 16:00:00] 
[2026-07-30 16:00:00] ==================================================
[2026-07-30 16:00:00]   🔧 AutoTools 系统维护
[2026-07-30 16:00:00]   ⏰ 2026-07-30 16:00:00
[2026-07-30 16:00:00] ==================================================
[2026-07-30 16:00:00] 🔍 检查Web服务器健康状态...
[2026-07-30 16:00:00]     ✅ 端口 8000 正在监听
[2026-07-30 16:00:00]     ✅ HTTP 200 OK (189576 bytes)
[2026-07-30 16:00:00]     ✅ 产品渲染: 200 个卡片
[2026-07-30 16:00:00]     ✅ API正常: 6单/¥164
[2026-07-30 16:00:00] 📦 检查产品数据完整性...
[2026-07-30 16:00:00]     ✅ 87 个产品
[2026-07-30 16:00:00]     ✅ 无重复ID
[2026-07-30 16:00:00] 📋 检查订单数据完整性...
[2026-07-30 16:00:00]     ✅ 6 笔订单, 累计收入: ¥164
[2026-07-30 16:00:00]     ✅ 无待处理订单
[2026-07-30 16:00:00] ⏰ 检查LaunchAgent定时任务...
[2026-07-30 16:00:00]     ✅ com.auto.daily 已加载
[2026-07-30 16:00:00]     ✅ com.auto.evening 已加载
[2026-07-30 16:00:00]     ✅ com.auto.flask 已加载
[2026-07-30 16:00:00]     ✅ com.auto.optimizer 已加载
[2026-07-30 16:00:00] 💾 检查磁盘空间...
[2026-07-30 16:00:00]     💿 总空间: 460.4GB, 已用: 21.1%, 剩余: 363.4GB
[2026-07-30 16:00:00]     ✅ 磁盘空间充足
[2026-07-30 16:00:00] 🌐 检查网络连通性...
[2026-07-30 16:00:00]     ✅ github.com:443 可达
[2026-07-30 16:00:01]     ✅ api.github.com:443 可达
[2026-07-30 16:00:01] 🧹 清理旧文件...
[2026-07-30 16:00:01]     ✅ 清理旧报告: 0 个
[2026-07-30 16:00:01] 
[2026-07-30 16:00:01] ==================================================
[2026-07-30 16:00:01]   ✅ 系统维护完成
[2026-07-30 16:00:01]   ⏱ 耗时: 0秒
[2026-07-30 16:00:01]   ✅ 系统健康
[2026-07-30 16:00:01]   📄 报告: /Users/tianmengpiaoxiang/auto_business/daily_report/reports/maintenance_2026-07-30.html
[2026-07-30 16:00:01] ==================================================
[2026-07-30 16:00:01] 
[2026-07-30 17:27:04] 
[2026-07-30 17:27:04] ==================================================
[2026-07-30 17:27:04]   🔧 AutoTools 系统维护
[2026-07-30 17:27:04]   ⏰ 2026-07-30 17:27:04
[2026-07-30 17:27:04] ==================================================
[2026-07-30 17:27:04] 🔍 检查Web服务器健康状态...
[2026-07-30 17:27:04]     ✅ 端口 8000 正在监听
[2026-07-30 17:27:04]     ✅ HTTP 200 OK (189577 bytes)
[2026-07-30 17:27:04]     ✅ 产品渲染: 200 个卡片
[2026-07-30 17:27:04]     ✅ API正常: 6单/¥164
[2026-07-30 17:27:04] 📦 检查产品数据完整性...
[2026-07-30 17:27:04]     ✅ 87 个产品
[2026-07-30 17:27:04]     ✅ 无重复ID
[2026-07-30 17:27:04] 📋 检查订单数据完整性...
[2026-07-30 17:27:04]     ✅ 6 笔订单, 累计收入: ¥164
[2026-07-30 17:27:04]     ✅ 无待处理订单
[2026-07-30 17:27:04] ⏰ 检查LaunchAgent定时任务...
[2026-07-30 17:27:04]     ✅ com.auto.daily 已加载
[2026-07-30 17:27:04]     ✅ com.auto.evening 已加载
[2026-07-30 17:27:04]     ✅ com.auto.flask 已加载
[2026-07-30 17:27:04]     ✅ com.auto.optimizer 已加载
[2026-07-30 17:27:04] 💾 检查磁盘空间...
[2026-07-30 17:27:04]     💿 总空间: 460.4GB, 已用: 21.1%, 剩余: 363.3GB
[2026-07-30 17:27:04]     ✅ 磁盘空间充足
[2026-07-30 17:27:04] 🌐 检查网络连通性...
[2026-07-30 17:27:04]     ✅ github.com:443 可达
[2026-07-30 17:27:05]     ✅ api.github.com:443 可达
[2026-07-30 17:27:05] 🧹 清理旧文件...
[2026-07-30 17:27:05]     ✅ 清理旧报告: 0 个
[2026-07-30 17:27:05]     ✅ 维护日志已截断: 512 -> 400 行
[2026-07-30 17:27:05] 
[2026-07-30 17:27:05] ==================================================
[2026-07-30 17:27:05]   ✅ 系统维护完成
[2026-07-30 17:27:05]   ⏱ 耗时: 0秒
[2026-07-30 17:27:05]   ✅ 系统健康
[2026-07-30 17:27:05]   📄 报告: /Users/tianmengpiaoxiang/auto_business/daily_report/reports/maintenance_2026-07-30.html
[2026-07-30 17:27:05] ==================================================
[2026-07-30 17:27:05] 
[2026-07-30 18:00:00] 
[2026-07-30 18:00:00] ==================================================
[2026-07-30 18:00:00]   🔧 AutoTools 系统维护
[2026-07-30 18:00:00]   ⏰ 2026-07-30 18:00:00
[2026-07-30 18:00:00] ==================================================
[2026-07-30 18:00:00] 🔍 检查Web服务器健康状态...
[2026-07-30 18:00:00]     ✅ 端口 8000 正在监听
[2026-07-30 18:00:00]     ✅ HTTP 200 OK (189578 bytes)
[2026-07-30 18:00:00]     ✅ 产品渲染: 200 个卡片
[2026-07-30 18:00:00]     ✅ API正常: 6单/¥164
[2026-07-30 18:00:00] 📦 检查产品数据完整性...
[2026-07-30 18:00:00]     ✅ 87 个产品
[2026-07-30 18:00:00]     ✅ 无重复ID
[2026-07-30 18:00:00] 📋 检查订单数据完整性...
[2026-07-30 18:00:00]     ✅ 6 笔订单, 累计收入: ¥164
[2026-07-30 18:00:00]     ✅ 无待处理订单
[2026-07-30 18:00:00] ⏰ 检查LaunchAgent定时任务...
[2026-07-30 18:00:00]     ✅ com.auto.daily 已加载
[2026-07-30 18:00:00]     ✅ com.auto.evening 已加载
[2026-07-30 18:00:00]     ✅ com.auto.flask 已加载
[2026-07-30 18:00:00]     ✅ com.auto.optimizer 已加载
[2026-07-30 18:00:00] 💾 检查磁盘空间...
[2026-07-30 18:00:00]     💿 总空间: 460.4GB, 已用: 21.1%, 剩余: 363.3GB
[2026-07-30 18:00:00]     ✅ 磁盘空间充足
[2026-07-30 18:00:00] 🌐 检查网络连通性...
[2026-07-30 18:00:01]     ✅ github.com:443 可达
[2026-07-30 18:00:01]     ✅ api.github.com:443 可达
[2026-07-30 18:00:01] 🧹 清理旧文件...
[2026-07-30 18:00:01]     ✅ 清理旧报告: 0 个
[2026-07-30 18:00:01] 
[2026-07-30 18:00:01] ==================================================
[2026-07-30 18:00:01]   ✅ 系统维护完成
[2026-07-30 18:00:01]   ⏱ 耗时: 0秒
[2026-07-30 18:00:01]   ✅ 系统健康
[2026-07-30 18:00:01]   📄 报告: /Users/tianmengpiaoxiang/auto_business/daily_report/reports/maintenance_2026-07-30.html
[2026-07-30 18:00:01] ==================================================
[2026-07-30 18:00:01] 
[2026-07-30 20:00:00] 
[2026-07-30 20:00:00] ==================================================
[2026-07-30 20:00:00]   🔧 AutoTools 系统维护
[2026-07-30 20:00:00]   ⏰ 2026-07-30 20:00:00
[2026-07-30 20:00:00] ==================================================
[2026-07-30 20:00:00] 🔍 检查Web服务器健康状态...
[2026-07-30 20:00:00]     ✅ 端口 8000 正在监听
[2026-07-30 20:00:00] 
[2026-07-30 20:00:00] ==================================================
[2026-07-30 20:00:00]   🔧 AutoTools 系统维护
[2026-07-30 20:00:00]   ⏰ 2026-07-30 20:00:00
[2026-07-30 20:00:00] ==================================================
[2026-07-30 20:00:00] 🔍 检查Web服务器健康状态...
[2026-07-30 20:00:00]     ✅ 端口 8000 正在监听
[2026-07-30 20:00:00]     ✅ HTTP 200 OK (189601 bytes)
[2026-07-30 20:00:00]     ✅ HTTP 200 OK (189593 bytes)
[2026-07-30 20:00:00]     ✅ 产品渲染: 200 个卡片
[2026-07-30 20:00:00]     ✅ 产品渲染: 200 个卡片
[2026-07-30 20:00:00]     ✅ API正常: 6单/¥164
[2026-07-30 20:00:00]     ✅ API正常: 6单/¥164
[2026-07-30 20:00:00] 📦 检查产品数据完整性...
[2026-07-30 20:00:00] 📦 检查产品数据完整性...
[2026-07-30 20:00:00]     ✅ 87 个产品
[2026-07-30 20:00:00]     ✅ 87 个产品
[2026-07-30 20:00:00]     ✅ 无重复ID
[2026-07-30 20:00:00] 📋 检查订单数据完整性...
[2026-07-30 20:00:00]     ✅ 无重复ID
[2026-07-30 20:00:00] 📋 检查订单数据完整性...
[2026-07-30 20:00:00]     ✅ 6 笔订单, 累计收入: ¥164
[2026-07-30 20:00:00]     ✅ 无待处理订单
[2026-07-30 20:00:00]     ✅ 6 笔订单, 累计收入: ¥164
[2026-07-30 20:00:00] ⏰ 检查LaunchAgent定时任务...
[2026-07-30 20:00:00]     ✅ 无待处理订单
[2026-07-30 20:00:00] ⏰ 检查LaunchAgent定时任务...
[2026-07-30 20:00:00]     ✅ com.auto.daily 已加载
[2026-07-30 20:00:00]     ✅ com.auto.daily 已加载
[2026-07-30 20:00:00]     ✅ com.auto.evening 已加载
[2026-07-30 20:00:00]     ✅ com.auto.evening 已加载
[2026-07-30 20:00:00]     ✅ com.auto.flask 已加载
[2026-07-30 20:00:00]     ✅ com.auto.flask 已加载
[2026-07-30 20:00:00]     ✅ com.auto.optimizer 已加载
[2026-07-30 20:00:00]     ✅ com.auto.optimizer 已加载
[2026-07-30 20:00:00] 💾 检查磁盘空间...
[2026-07-30 20:00:00] 💾 检查磁盘空间...
[2026-07-30 20:00:00]     💿 总空间: 460.4GB, 已用: 21.1%, 剩余: 363.3GB
[2026-07-30 20:00:00]     ✅ 磁盘空间充足
[2026-07-30 20:00:00]     💿 总空间: 460.4GB, 已用: 21.1%, 剩余: 363.3GB
[2026-07-30 20:00:00] 🌐 检查网络连通性...
[2026-07-30 20:00:00]     ✅ 磁盘空间充足
[2026-07-30 20:00:00] 🌐 检查网络连通性...
[2026-07-30 20:00:01]     ✅ github.com:443 可达
[2026-07-30 20:00:01]     ✅ github.com:443 可达
[2026-07-30 20:00:01]     ✅ api.github.com:443 可达
[2026-07-30 20:00:01] 🧹 清理旧文件...
[2026-07-30 20:00:01]     ✅ 清理旧报告: 0 个
[2026-07-30 20:00:01]     ✅ 维护日志已截断: 501 -> 400 行
[2026-07-30 20:00:01] 
[2026-07-30 20:00:01] ==================================================
[2026-07-30 20:00:01]   ✅ 系统维护完成
[2026-07-30 20:00:01]   ⏱ 耗时: 0秒
[2026-07-30 20:00:01]   ✅ 系统健康
[2026-07-30 20:00:01]   📄 报告: /Users/tianmengpiaoxiang/auto_business/daily_report/reports/maintenance_2026-07-30.html
[2026-07-30 20:00:01] ==================================================
[2026-07-30 20:00:01] 
[2026-07-30 20:00:01]     ✅ api.github.com:443 可达
[2026-07-30 20:00:01] 🧹 清理旧文件...
[2026-07-30 20:00:01]     ✅ 清理旧报告: 0 个
[2026-07-30 20:00:01] 
[2026-07-30 20:00:01] ==================================================
[2026-07-30 20:00:01]   ✅ 系统维护完成
[2026-07-30 20:00:01]   ⏱ 耗时: 0秒
[2026-07-30 20:00:01]   ✅ 系统健康
[2026-07-30 20:00:01]   📄 报告: /Users/tianmengpiaoxiang/auto_business/daily_report/reports/maintenance_2026-07-30.html
[2026-07-30 20:00:01] ==================================================
[2026-07-30 20:00:01] 
[2026-07-30 20:00:02] 
[2026-07-30 20:00:02] ==================================================
[2026-07-30 20:00:02]   🔧 AutoTools 系统维护
[2026-07-30 20:00:02]   ⏰ 2026-07-30 20:00:02
[2026-07-30 20:00:02] ==================================================
[2026-07-30 20:00:02] 🔍 检查Web服务器健康状态...
[2026-07-30 20:00:02]     ✅ 端口 8000 正在监听
[2026-07-30 20:00:02]     ✅ HTTP 200 OK (189594 bytes)
[2026-07-30 20:00:02]     ✅ 产品渲染: 200 个卡片
[2026-07-30 20:00:02]     ✅ API正常: 6单/¥164
[2026-07-30 20:00:02] 📦 检查产品数据完整性...
[2026-07-30 20:00:02]     ✅ 89 个产品
[2026-07-30 20:00:02]     ✅ 无重复ID
[2026-07-30 20:00:02] 📋 检查订单数据完整性...
[2026-07-30 20:00:02]     ✅ 6 笔订单, 累计收入: ¥164
[2026-07-30 20:00:02]     ✅ 无待处理订单
[2026-07-30 20:00:02] ⏰ 检查LaunchAgent定时任务...
[2026-07-30 20:00:02]     ✅ com.auto.daily 已加载
[2026-07-30 20:00:02]     ✅ com.auto.evening 已加载
[2026-07-30 20:00:02]     ✅ com.auto.flask 已加载
[2026-07-30 20:00:02]     ✅ com.auto.optimizer 已加载
[2026-07-30 20:00:02] 💾 检查磁盘空间...
[2026-07-30 20:00:02]     💿 总空间: 460.4GB, 已用: 21.1%, 剩余: 363.3GB
[2026-07-30 20:00:02]     ✅ 磁盘空间充足
[2026-07-30 20:00:02] 🌐 检查网络连通性...
[2026-07-30 20:00:02]     ✅ github.com:443 可达
[2026-07-30 20:00:02]     ✅ api.github.com:443 可达
[2026-07-30 20:00:02] 🧹 清理旧文件...
[2026-07-30 20:00:02]     ✅ 清理旧报告: 0 个
[2026-07-30 20:00:02] 
[2026-07-30 20:00:02] ==================================================
[2026-07-30 20:00:02]   ✅ 系统维护完成
[2026-07-30 20:00:02]   ⏱ 耗时: 0秒
[2026-07-30 20:00:02]   ✅ 系统健康
[2026-07-30 20:00:02]   📄 报告: /Users/tianmengpiaoxiang/auto_business/daily_report/reports/maintenance_2026-07-30.html
[2026-07-30 20:00:02] ==================================================
[2026-07-30 20:00:02] 
