[2026-07-28 12:00:00] 
[2026-07-28 12:00:00] ==================================================
[2026-07-28 12:00:00]   🔧 AutoTools 系统维护
[2026-07-28 12:00:00]   ⏰ 2026-07-28 12:00:00
[2026-07-28 12:00:00] ==================================================
[2026-07-28 12:00:00] 🔍 检查Web服务器健康状态...
[2026-07-28 12:00:00]     ✅ 端口 8000 正在监听
[2026-07-28 12:00:00]     ✅ HTTP 200 OK (169776 bytes)
[2026-07-28 12:00:00]     ✅ 产品渲染: 194 个卡片
[2026-07-28 12:00:00]     ✅ API正常: 4单/¥106
[2026-07-28 12:00:00] 📦 检查产品数据完整性...
[2026-07-28 12:00:00]     ✅ 79 个产品
[2026-07-28 12:00:00]     ✅ 无重复ID
[2026-07-28 12:00:00] 📋 检查订单数据完整性...
[2026-07-28 12:00:00]     ✅ 4 笔订单, 累计收入: ¥106
[2026-07-28 12:00:00]     ✅ 无待处理订单
[2026-07-28 12:00:00] ⏰ 检查LaunchAgent定时任务...
[2026-07-28 12:00:00]     ✅ com.auto.daily 已加载
[2026-07-28 12:00:00]     ✅ com.auto.evening 已加载
[2026-07-28 12:00:00]     ✅ com.auto.flask 已加载
[2026-07-28 12:00:00]     ✅ com.auto.optimizer 已加载
[2026-07-28 12:00:00] 💾 检查磁盘空间...
[2026-07-28 12:00:00]     💿 总空间: 460.4GB, 已用: 19.7%, 剩余: 369.7GB
[2026-07-28 12:00:00]     ✅ 磁盘空间充足
[2026-07-28 12:00:00] 🌐 检查网络连通性...
[2026-07-28 12:00:01]     ✅ github.com:443 可达
[2026-07-28 12:00:01]     ✅ api.github.com:443 可达
[2026-07-28 12:00:01] 🧹 清理旧文件...
[2026-07-28 12:00:01]     ✅ 清理旧报告: 0 个
[2026-07-28 12:00:01] 
[2026-07-28 12:00:01] ==================================================
[2026-07-28 12:00:01]   ✅ 系统维护完成
[2026-07-28 12:00:01]   ⏱ 耗时: 0秒
[2026-07-28 12:00:01]   ✅ 系统健康
[2026-07-28 12:00:01]   📄 报告: /Users/tianmengpiaoxiang/auto_business/daily_report/reports/maintenance_2026-07-28.html
[2026-07-28 12:00:01] ==================================================
[2026-07-28 12:00:01] 
[2026-07-28 14:00:01] 
[2026-07-28 14:00:01] ==================================================
[2026-07-28 14:00:01]   🔧 AutoTools 系统维护
[2026-07-28 14:00:01]   ⏰ 2026-07-28 14:00:01
[2026-07-28 14:00:01] ==================================================
[2026-07-28 14:00:01] 🔍 检查Web服务器健康状态...
[2026-07-28 14:00:01]     ✅ 端口 8000 正在监听
[2026-07-28 14:00:01]     ✅ HTTP 200 OK (166957 bytes)
[2026-07-28 14:00:01]     ✅ 产品渲染: 192 个卡片
[2026-07-28 14:00:01]     ✅ API正常: 6单/¥164
[2026-07-28 14:00:01] 📦 检查产品数据完整性...
[2026-07-28 14:00:01]     ✅ 79 个产品
[2026-07-28 14:00:01]     ✅ 无重复ID
[2026-07-28 14:00:01] 📋 检查订单数据完整性...
[2026-07-28 14:00:01]     ✅ 6 笔订单, 累计收入: ¥164
[2026-07-28 14:00:01]     ✅ 无待处理订单
[2026-07-28 14:00:01] ⏰ 检查LaunchAgent定时任务...
[2026-07-28 14:00:01]     ✅ com.auto.daily 已加载
[2026-07-28 14:00:01]     ✅ com.auto.evening 已加载
[2026-07-28 14:00:01]     ✅ com.auto.flask 已加载
[2026-07-28 14:00:01]     ✅ com.auto.optimizer 已加载
[2026-07-28 14:00:01] 💾 检查磁盘空间...
[2026-07-28 14:00:01]     💿 总空间: 460.4GB, 已用: 19.7%, 剩余: 369.6GB
[2026-07-28 14:00:01]     ✅ 磁盘空间充足
[2026-07-28 14:00:01] 🌐 检查网络连通性...
[2026-07-28 14:00:02]     ✅ github.com:443 可达
[2026-07-28 14:00:02]     ✅ api.github.com:443 可达
[2026-07-28 14:00:02] 🧹 清理旧文件...
[2026-07-28 14:00:02]     ✅ 清理旧报告: 0 个
[2026-07-28 14:00:02] 
[2026-07-28 14:00:02] ==================================================
[2026-07-28 14:00:02]   ✅ 系统维护完成
[2026-07-28 14:00:02]   ⏱ 耗时: 1秒
[2026-07-28 14:00:02]   ✅ 系统健康
[2026-07-28 14:00:02]   📄 报告: /Users/tianmengpiaoxiang/auto_business/daily_report/reports/maintenance_2026-07-28.html
[2026-07-28 14:00:02] ==================================================
[2026-07-28 14:00:02] 
[2026-07-28 16:00:01] 
[2026-07-28 16:00:01] ==================================================
[2026-07-28 16:00:01]   🔧 AutoTools 系统维护
[2026-07-28 16:00:01]   ⏰ 2026-07-28 16:00:01
[2026-07-28 16:00:01] ==================================================
[2026-07-28 16:00:01] 🔍 检查Web服务器健康状态...
[2026-07-28 16:00:01]     ✅ 端口 8000 正在监听
[2026-07-28 16:00:01]     ✅ HTTP 200 OK (166952 bytes)
[2026-07-28 16:00:01]     ✅ 产品渲染: 192 个卡片
[2026-07-28 16:00:01]     ✅ API正常: 6单/¥164
[2026-07-28 16:00:01] 📦 检查产品数据完整性...
[2026-07-28 16:00:01]     ✅ 79 个产品
[2026-07-28 16:00:01]     ✅ 无重复ID
[2026-07-28 16:00:01] 📋 检查订单数据完整性...
[2026-07-28 16:00:01]     ✅ 6 笔订单, 累计收入: ¥164
[2026-07-28 16:00:01]     ✅ 无待处理订单
[2026-07-28 16:00:01] ⏰ 检查LaunchAgent定时任务...
[2026-07-28 16:00:01]     ✅ com.auto.daily 已加载
[2026-07-28 16:00:01]     ✅ com.auto.evening 已加载
[2026-07-28 16:00:01]     ✅ com.auto.flask 已加载
[2026-07-28 16:00:01]     ✅ com.auto.optimizer 已加载
[2026-07-28 16:00:01] 💾 检查磁盘空间...
[2026-07-28 16:00:01]     💿 总空间: 460.4GB, 已用: 19.7%, 剩余: 369.7GB
[2026-07-28 16:00:01]     ✅ 磁盘空间充足
[2026-07-28 16:00:01] 🌐 检查网络连通性...
[2026-07-28 16:00:01]     ✅ github.com:443 可达
[2026-07-28 16:00:01]     ✅ api.github.com:443 可达
[2026-07-28 16:00:01] 🧹 清理旧文件...
[2026-07-28 16:00:01]     ✅ 清理旧报告: 0 个
[2026-07-28 16:00:01] 
[2026-07-28 16:00:01] ==================================================
[2026-07-28 16:00:01]   ✅ 系统维护完成
[2026-07-28 16:00:01]   ⏱ 耗时: 0秒
[2026-07-28 16:00:01]   ✅ 系统健康
[2026-07-28 16:00:01]   📄 报告: /Users/tianmengpiaoxiang/auto_business/daily_report/reports/maintenance_2026-07-28.html
[2026-07-28 16:00:01] ==================================================
[2026-07-28 16:00:01] 
[2026-07-28 18:00:00] 
[2026-07-28 18:00:00] ==================================================
[2026-07-28 18:00:00]   🔧 AutoTools 系统维护
[2026-07-28 18:00:00]   ⏰ 2026-07-28 18:00:00
[2026-07-28 18:00:00] ==================================================
[2026-07-28 18:00:00] 🔍 检查Web服务器健康状态...
[2026-07-28 18:00:00]     ✅ 端口 8000 正在监听
[2026-07-28 18:00:00]     ✅ HTTP 200 OK (166960 bytes)
[2026-07-28 18:00:00]     ✅ 产品渲染: 192 个卡片
[2026-07-28 18:00:00]     ✅ API正常: 6单/¥164
[2026-07-28 18:00:00] 📦 检查产品数据完整性...
[2026-07-28 18:00:00]     ✅ 79 个产品
[2026-07-28 18:00:00]     ✅ 无重复ID
[2026-07-28 18:00:00] 📋 检查订单数据完整性...
[2026-07-28 18:00:00]     ✅ 6 笔订单, 累计收入: ¥164
[2026-07-28 18:00:00]     ✅ 无待处理订单
[2026-07-28 18:00:00] ⏰ 检查LaunchAgent定时任务...
[2026-07-28 18:00:00]     ✅ com.auto.daily 已加载
[2026-07-28 18:00:00]     ✅ com.auto.evening 已加载
[2026-07-28 18:00:00]     ✅ com.auto.flask 已加载
[2026-07-28 18:00:01]     ✅ com.auto.optimizer 已加载
[2026-07-28 18:00:01] 💾 检查磁盘空间...
[2026-07-28 18:00:01]     💿 总空间: 460.4GB, 已用: 19.7%, 剩余: 369.7GB
[2026-07-28 18:00:01]     ✅ 磁盘空间充足
[2026-07-28 18:00:01] 🌐 检查网络连通性...
[2026-07-28 18:00:01]     ✅ github.com:443 可达
[2026-07-28 18:00:01]     ✅ api.github.com:443 可达
[2026-07-28 18:00:01] 🧹 清理旧文件...
[2026-07-28 18:00:01]     ✅ 清理旧报告: 0 个
[2026-07-28 18:00:01] 
[2026-07-28 18:00:01] ==================================================
[2026-07-28 18:00:01]   ✅ 系统维护完成
[2026-07-28 18:00:01]   ⏱ 耗时: 0秒
[2026-07-28 18:00:01]   ✅ 系统健康
[2026-07-28 18:00:01]   📄 报告: /Users/tianmengpiaoxiang/auto_business/daily_report/reports/maintenance_2026-07-28.html
[2026-07-28 18:00:01] ==================================================
[2026-07-28 18:00:01] 
[2026-07-28 20:00:00] 
[2026-07-28 20:00:00] ==================================================
[2026-07-28 20:00:00]   🔧 AutoTools 系统维护
[2026-07-28 20:00:00]   ⏰ 2026-07-28 20:00:00
[2026-07-28 20:00:00] ==================================================
[2026-07-28 20:00:00] 🔍 检查Web服务器健康状态...
[2026-07-28 20:00:00]     ✅ 端口 8000 正在监听
[2026-07-28 20:00:00]     ✅ HTTP 200 OK (166977 bytes)
[2026-07-28 20:00:00]     ✅ 产品渲染: 192 个卡片
[2026-07-28 20:00:00]     ✅ API正常: 6单/¥164
[2026-07-28 20:00:00] 📦 检查产品数据完整性...
[2026-07-28 20:00:00]     ✅ 79 个产品
[2026-07-28 20:00:00]     ✅ 无重复ID
[2026-07-28 20:00:00] 📋 检查订单数据完整性...
[2026-07-28 20:00:00]     ✅ 6 笔订单, 累计收入: ¥164
[2026-07-28 20:00:00]     ✅ 无待处理订单
[2026-07-28 20:00:00] ⏰ 检查LaunchAgent定时任务...
[2026-07-28 20:00:00]     ✅ com.auto.daily 已加载
[2026-07-28 20:00:01]     ✅ com.auto.evening 已加载
[2026-07-28 20:00:01]     ✅ com.auto.flask 已加载
[2026-07-28 20:00:01]     ✅ com.auto.optimizer 已加载
[2026-07-28 20:00:01] 💾 检查磁盘空间...
[2026-07-28 20:00:01]     💿 总空间: 460.4GB, 已用: 20.2%, 剩余: 367.3GB
[2026-07-28 20:00:01]     ✅ 磁盘空间充足
[2026-07-28 20:00:01] 🌐 检查网络连通性...
[2026-07-28 20:00:05]     ✅ github.com:443 可达
[2026-07-28 20:00:07]     ✅ api.github.com:443 可达
[2026-07-28 20:00:07] 🧹 清理旧文件...
[2026-07-28 20:00:07]     ✅ 清理旧报告: 0 个
[2026-07-28 20:00:07] 
[2026-07-28 20:00:07] ==================================================
[2026-07-28 20:00:07]   ✅ 系统维护完成
[2026-07-28 20:00:07]   ⏱ 耗时: 6秒
[2026-07-28 20:00:07]   ✅ 系统健康
[2026-07-28 20:00:07]   📄 报告: /Users/tianmengpiaoxiang/auto_business/daily_report/reports/maintenance_2026-07-28.html
[2026-07-28 20:00:07] ==================================================
[2026-07-28 20:00:07] 
