[2026-07-27 20:00:06] Starting Toutiao publish: AI时代来了，你的工作方式该升级了
[2026-07-27 20:00:09] Starting Toutiao publish: 干工地的都看看，身体比赚钱更重要
[2026-07-27 20:00:20] Starting Baijiahao publish: 打工人必看！这些工具让你效率翻倍
[2026-07-27 20:00:22] Starting Baijiahao publish: 老工程人的养生经：干了20年工地身体还很好
[2026-07-28 07:01:06] Starting Baijiahao publish: 别再手动重复了，自动化才是你的救星
[2026-07-28 20:00:06] Starting Toutiao publish: 老工程人的养生经：干了20年工地身体还很好
[2026-07-28 20:00:10] Starting Toutiao publish: 一个老工程人的真实感受：技术才是硬道理
[2026-07-28 20:00:21] Starting Baijiahao publish: 别再手动重复了，自动化才是你的救星
[2026-07-28 20:00:23] Starting Baijiahao publish: 老工程人的养生经：干了20年工地身体还很好
[2026-07-29 20:00:04] Starting Toutiao publish: AI时代来了，你的工作方式该升级了
[2026-07-29 20:00:07] Starting Toutiao publish: 干工地的都看看，身体比赚钱更重要
[2026-07-29 20:00:19] Starting Baijiahao publish: 效率提升10倍的秘诀，今天告诉你
[2026-07-29 20:00:20] Starting Baijiahao publish: 做了20年工程，才发现项目经理才是未来
[2026-07-30 20:00:05] Starting Toutiao publish: 效率提升10倍的秘诀，今天告诉你
[2026-07-30 20:00:06] Starting Toutiao publish: 一个老工程人的真实感受：技术才是硬道理
[2026-07-30 20:00:19] Starting Baijiahao publish: 工程人必看：工程人正在改变行业格局
[2026-07-30 20:00:20] Starting Baijiahao publish: 效率提升10倍的秘诀，今天告诉你
[2026-07-31 20:00:05] Starting Toutiao publish: 干工地的都看看，身体比赚钱更重要
[2026-07-31 20:00:07] Starting Toutiao publish: 一个老工程人的真实感受：技术才是硬道理
[2026-07-31 20:00:14] Starting Baijiahao publish: 干工地的都看看，身体比赚钱更重要
[2026-07-31 20:00:22] Starting Baijiahao publish: 打工人必看！这些工具让你效率翻倍
[2026-08-01 20:00:06] Starting Toutiao publish: 效率提升10倍的秘诀，今天告诉你
[2026-08-01 20:00:06] Starting Toutiao publish: 老工程人的养生经：干了20年工地身体还很好
[2026-08-01 20:00:15] Starting Baijiahao publish: 工程人注意！这些习惯正在毁掉你的身体
[2026-08-01 20:00:19] Starting Baijiahao publish: 工程人注意！这些习惯正在毁掉你的身体
[2026-08-02 20:00:07] Starting Toutiao publish: 老工程人的养生经：干了20年工地身体还很好
[2026-08-02 20:00:08] Starting Toutiao publish: 效率提升10倍的秘诀，今天告诉你
[2026-08-02 20:00:22] Starting Baijiahao publish: AI时代来了，你的工作方式该升级了
[2026-08-02 20:00:24] Starting Baijiahao publish: 工地上最吃香的岗位，不是项目经理而是它
[2026-08-03 20:00:06] Starting Toutiao publish: 一个老工程人的真实感受：技术才是硬道理
[2026-08-03 20:00:11] Starting Toutiao publish: 打工人必看！这些工具让你效率翻倍
[2026-08-03 20:00:13] Starting Baijiahao publish: 一个老工程人的真实感受：技术才是硬道理
[2026-08-03 20:00:25] Starting Baijiahao publish: 工程人注意！这些习惯正在毁掉你的身体
[2026-08-04 20:00:14] Starting Toutiao publish: 别再手动重复了，自动化才是你的救星
[2026-08-04 20:00:14] Starting Toutiao publish: 干工地的都看看，身体比赚钱更重要
[2026-08-04 20:00:23] Starting Baijiahao publish: 打工人必看！这些工具让你效率翻倍
[2026-08-04 20:00:27] Starting Baijiahao publish: 打工人必看！这些工具让你效率翻倍
