  File "/Users/tianmengpiaoxiang/auto_business/xianyu_daily_ops.py", line 275
    log(f"  表单填充: {result[:200]}")
    ^
SyntaxError: invalid syntax
  File "/Users/tianmengpiaoxiang/auto_business/xianyu_daily_ops.py", line 275
    log(f"  表单填充: {result[:200]}")
    ^
SyntaxError: invalid syntax
  File "/Users/tianmengpiaoxiang/auto_business/xianyu_daily_ops.py", line 275
    log(f"  表单填充: {result[:200]}")
    ^
SyntaxError: invalid syntax
  File "/Users/tianmengpiaoxiang/auto_business/xianyu_daily_ops.py", line 275
    log(f"  表单填充: {result[:200]}")
    ^
SyntaxError: invalid syntax
  File "/Users/tianmengpiaoxiang/auto_business/xianyu_daily_ops.py", line 275
    log(f"  表单填充: {result[:200]}")
    ^
SyntaxError: invalid syntax
  File "/Users/tianmengpiaoxiang/auto_business/xianyu_daily_ops.py", line 275
    log(f"  表单填充: {result[:200]}")
    ^
SyntaxError: invalid syntax
  File "/Users/tianmengpiaoxiang/auto_business/xianyu_daily_ops.py", line 275
    log(f"  表单填充: {result[:200]}")
    ^
SyntaxError: invalid syntax
  File "/Users/tianmengpiaoxiang/auto_business/xianyu_daily_ops.py", line 275
    log(f"  表单填充: {result[:200]}")
    ^
SyntaxError: invalid syntax
  File "/Users/tianmengpiaoxiang/auto_business/xianyu_daily_ops.py", line 275
    log(f"  表单填充: {result[:200]}")
    ^
SyntaxError: invalid syntax
  File "/Users/tianmengpiaoxiang/auto_business/xianyu_daily_ops.py", line 275
    log(f"  表单填充: {result[:200]}")
    ^
SyntaxError: invalid syntax
  File "/Users/tianmengpiaoxiang/auto_business/xianyu_daily_ops.py", line 275
    log(f"  表单填充: {result[:200]}")
    ^
SyntaxError: invalid syntax
  File "/Users/tianmengpiaoxiang/auto_business/xianyu_daily_ops.py", line 275
    log(f"  表单填充: {result[:200]}")
    ^
SyntaxError: invalid syntax
  File "/Users/tianmengpiaoxiang/auto_business/xianyu_daily_ops.py", line 275
    log(f"  表单填充: {result[:200]}")
    ^
SyntaxError: invalid syntax
  File "/Users/tianmengpiaoxiang/auto_business/xianyu_daily_ops.py", line 275
    log(f"  表单填充: {result[:200]}")
    ^
SyntaxError: invalid syntax
  File "/Users/tianmengpiaoxiang/auto_business/xianyu_daily_ops.py", line 275
    log(f"  表单填充: {result[:200]}")
    ^
SyntaxError: invalid syntax
  File "/Users/tianmengpiaoxiang/auto_business/xianyu_daily_ops.py", line 275
    log(f"  表单填充: {result[:200]}")
    ^
SyntaxError: invalid syntax
  File "/Users/tianmengpiaoxiang/auto_business/xianyu_daily_ops.py", line 275
    log(f"  表单填充: {result[:200]}")
    ^
SyntaxError: invalid syntax
  File "/Users/tianmengpiaoxiang/auto_business/xianyu_daily_ops.py", line 275
    log(f"  表单填充: {result[:200]}")
    ^
SyntaxError: invalid syntax
  File "/Users/tianmengpiaoxiang/auto_business/xianyu_daily_ops.py", line 275
    log(f"  表单填充: {result[:200]}")
    ^
SyntaxError: invalid syntax
  File "/Users/tianmengpiaoxiang/auto_business/xianyu_daily_ops.py", line 275
    log(f"  表单填充: {result[:200]}")
    ^
SyntaxError: invalid syntax
  File "/Users/tianmengpiaoxiang/auto_business/xianyu_daily_ops.py", line 275
    log(f"  表单填充: {result[:200]}")
    ^
SyntaxError: invalid syntax
  File "/Users/tianmengpiaoxiang/auto_business/xianyu_daily_ops.py", line 275
    log(f"  表单填充: {result[:200]}")
    ^
SyntaxError: invalid syntax
[2026-08-04 22:00:01] === 维护任务 ===
[2026-08-04 22:00:01] === 擦亮商品 ===
[2026-08-04 22:00:05]   擦亮结果: {
  "ok": true,
  "command": "run",
  "data": {
    "browser_command": "eval \n    (function(){\n   
[2026-08-04 22:00:05]   消息状态: {
  "ok": true,
  "command": "run",
  "data": {
  
[2026-08-04 22:00:05] === 维护完成 ===
[2026-08-05 08:00:01] === 维护任务 ===
[2026-08-05 08:00:01] === 擦亮商品 ===
[2026-08-05 08:00:05]   擦亮结果: {
  "ok": true,
  "command": "run",
  "data": {
    "browser_command": "eval \n    (function(){\n   
[2026-08-05 08:00:05]   消息状态: {
  "ok": true,
  "command": "run",
  "data": {
  
[2026-08-05 08:00:05] === 维护完成 ===
[2026-08-05 12:00:01] === 维护任务 ===
[2026-08-05 12:00:01] === 擦亮商品 ===
[2026-08-05 12:00:05]   擦亮结果: {
  "ok": true,
  "command": "run",
  "data": {
    "browser_command": "eval \n    (function(){\n   
[2026-08-05 12:00:05]   消息状态: {
  "ok": true,
  "command": "run",
  "data": {
  
[2026-08-05 12:00:05] === 维护完成 ===
