Revenue report: No module named 'revenue'
✅ Report: /Users/tianmengpiaoxiang/auto_business/daily_report/reports/report_2026-07-27.html
💰 Revenue: ¥0, Orders: 0
📈 Today: ¥0, 0 orders

==================================================
  🚀 AutoTools 优化报告
  📅 2026-07-28 | 2026-07-28 08:00:00
==================================================
  💰 累计: ¥19 | 1单
  📈 今日: ¥0 | 0单
  📋 待处理: 0单
  📦 产品: 62个

  💡 Top策略:
    🔴 [紧急] 今日尚无收入！立即启动推广
    💡 [行动] 在闲鱼发布1-2个商品，定价¥29-¥79
    🏆 [畅销] 文件批处理大师(1单/¥19)
    📢 [推广] 重点推广文件批处理大师，闲鱼/小红书多发帖
    💎 [高利] 高价值服务(4个): ¥299-¥1999

  📄 报告: /Users/tianmengpiaoxiang/auto_business/daily_report/reports/optimize_2026-07-28.html
==================================================


╔══════════════════════════════════════════════════╗
║           📊 每日收益报告（¥ CNY）               ║
║           2026年07月28日                        ║
╚══════════════════════════════════════════════════╝

━━━━━━━━━━━━━━━━━━━━━━━━━━━━━━━━━━━━━━━━━━━━━━━━

💰 今日收入：¥0.00
📈 对比昨日：📉 下降（¥-177.00）💪
📊 本周累计：¥177.00 | 177/天
🏆 历史总计：¥177.00（共3单）

━━━━━━━━━━━━━━━━━━━━━━━━━━━━━━━━━━━━━━━━━━━━━━━━

📦 产品收益排名：
  1. 文件批处理大师    ¥98     2单 ████████
  2. 三件套捆绑包     ¥79     1单 ██████
  3. 内容自动生成器    ¥0      0单 █
  4. 数据清洗工具包    ¥0      0单 █

━━━━━━━━━━━━━━━━━━━━━━━━━━━━━━━━━━━━━━━━━━━━━━━━

🌐 各渠道收入：
  • 爱发电：¥49.00（1单）
  • 闲鱼：¥0.00（0单）
  • 微信直售：¥79.00（1单）

━━━━━━━━━━━━━━━━━━━━━━━━━━━━━━━━━━━━━━━━━━━━━━━━

💡 今日优化建议：
  ✅ 已有3单！继续加油！
  ✅ 分析一下买家最常问的问题，更新到产品描述里
  ✅ 把卖得最好的产品做个限时折扣
  ✅ 在知乎上回答相关问题时植入产品
  ✅ 考虑建一个用户群，做复购
  ✅ 📅 周二可以发用户好评截图做信任背书

━━━━━━━━━━━━━━━━━━━━━━━━━━━━━━━━━━━━━━━━━━━━━━━━

📋 明日待办：
  □ 检查各平台是否有新订单需要处理
  □ 用内容生成器产出一批新帖子
  □ 查看用户反馈，优化产品
  □ 考虑发布新产品或更新现有产品

━━━━━━━━━━━━━━━━━━━━━━━━━━━━━━━━━━━━━━━━━━━━━━━━

💡 小提示：每天花15分钟回复评论和私信，
   能显著提升转化率！

[✓] 报告已保存: /Users/tianmengpiaoxiang/auto_business/daily_report/reports/收益报告_2026-07-28.md

==================================================
  🚀 AutoTools 优化报告
  📅 2026-07-29 | 2026-07-29 08:00:03
==================================================
  💰 累计: ¥164 | 6单
  📈 今日: ¥0 | 0单
  📋 待处理: 0单
  📦 产品: 83个

  💡 Top策略:
    🔴 [紧急] 今日尚无收入！立即启动推广
    💡 [行动] 在闲鱼发布1-2个商品，定价¥29-¥79
    🏆 [畅销] 文件批处理大师(6单/¥164)
    📢 [推广] 重点推广文件批处理大师，闲鱼/小红书多发帖
    💎 [高利] 高价值服务(9个): ¥299-¥1999

  📄 报告: /Users/tianmengpiaoxiang/auto_business/daily_report/reports/optimize_2026-07-29.html
==================================================


╔══════════════════════════════════════════════════╗
║           📊 每日收益报告（¥ CNY）               ║
║           2026年07月29日                        ║
╚══════════════════════════════════════════════════╝

━━━━━━━━━━━━━━━━━━━━━━━━━━━━━━━━━━━━━━━━━━━━━━━━

💰 今日收入：¥0.00
📈 对比昨日：➡️ 持平（¥+0.00）
📊 本周累计：¥177.00 | 177/天
🏆 历史总计：¥177.00（共3单）

━━━━━━━━━━━━━━━━━━━━━━━━━━━━━━━━━━━━━━━━━━━━━━━━

📦 产品收益排名：
  1. 文件批处理大师    ¥98     2单 ████████
  2. 三件套捆绑包     ¥79     1单 ██████
  3. 内容自动生成器    ¥0      0单 █
  4. 数据清洗工具包    ¥0      0单 █

━━━━━━━━━━━━━━━━━━━━━━━━━━━━━━━━━━━━━━━━━━━━━━━━

🌐 各渠道收入：
  • 爱发电：¥49.00（1单）
  • 闲鱼：¥0.00（0单）
  • 微信直售：¥79.00（1单）

━━━━━━━━━━━━━━━━━━━━━━━━━━━━━━━━━━━━━━━━━━━━━━━━

💡 今日优化建议：
  ✅ 已有3单！继续加油！
  ✅ 分析一下买家最常问的问题，更新到产品描述里
  ✅ 把卖得最好的产品做个限时折扣
  ✅ 在知乎上回答相关问题时植入产品
  ✅ 考虑建一个用户群，做复购
  ✅ 📅 周中适合发产品对比/测评

━━━━━━━━━━━━━━━━━━━━━━━━━━━━━━━━━━━━━━━━━━━━━━━━

📋 明日待办：
  □ 检查各平台是否有新订单需要处理
  □ 用内容生成器产出一批新帖子
  □ 查看用户反馈，优化产品
  □ 考虑发布新产品或更新现有产品

━━━━━━━━━━━━━━━━━━━━━━━━━━━━━━━━━━━━━━━━━━━━━━━━

💡 小提示：每天花15分钟回复评论和私信，
   能显著提升转化率！

[✓] 报告已保存: /Users/tianmengpiaoxiang/auto_business/daily_report/reports/收益报告_2026-07-29.md

==================================================
  🚀 AutoTools 优化报告
  📅 2026-07-30 | 2026-07-30 08:00:03
==================================================
  💰 累计: ¥164 | 6单
  📈 今日: ¥0 | 0单
  📋 待处理: 0单
  📦 产品: 87个

  💡 Top策略:
    🔴 [紧急] 今日尚无收入！立即启动推广
    💡 [行动] 在闲鱼发布1-2个商品，定价¥29-¥79
    🏆 [畅销] 文件批处理大师(6单/¥164)
    📢 [推广] 重点推广文件批处理大师，闲鱼/小红书多发帖
    💎 [高利] 高价值服务(8个): ¥179-¥1199

  📄 报告: /Users/tianmengpiaoxiang/auto_business/daily_report/reports/optimize_2026-07-30.html
==================================================


╔══════════════════════════════════════════════════╗
║           📊 每日收益报告（¥ CNY）               ║
║           2026年07月30日                        ║
╚══════════════════════════════════════════════════╝

━━━━━━━━━━━━━━━━━━━━━━━━━━━━━━━━━━━━━━━━━━━━━━━━

💰 今日收入：¥0.00
📈 对比昨日：➡️ 持平（¥+0.00）
📊 本周累计：¥177.00 | 177/天
🏆 历史总计：¥177.00（共3单）

━━━━━━━━━━━━━━━━━━━━━━━━━━━━━━━━━━━━━━━━━━━━━━━━

📦 产品收益排名：
  1. 文件批处理大师    ¥98     2单 ████████
  2. 三件套捆绑包     ¥79     1单 ██████
  3. 内容自动生成器    ¥0      0单 █
  4. 数据清洗工具包    ¥0      0单 █

━━━━━━━━━━━━━━━━━━━━━━━━━━━━━━━━━━━━━━━━━━━━━━━━

🌐 各渠道收入：
  • 爱发电：¥49.00（1单）
  • 闲鱼：¥0.00（0单）
  • 微信直售：¥79.00（1单）

━━━━━━━━━━━━━━━━━━━━━━━━━━━━━━━━━━━━━━━━━━━━━━━━

💡 今日优化建议：
  ✅ 已有3单！继续加油！
  ✅ 分析一下买家最常问的问题，更新到产品描述里
  ✅ 把卖得最好的产品做个限时折扣
  ✅ 在知乎上回答相关问题时植入产品
  ✅ 考虑建一个用户群，做复购
  ✅ 📅 周四发限时优惠，促进周末转化

━━━━━━━━━━━━━━━━━━━━━━━━━━━━━━━━━━━━━━━━━━━━━━━━

📋 明日待办：
  □ 检查各平台是否有新订单需要处理
  □ 用内容生成器产出一批新帖子
  □ 查看用户反馈，优化产品
  □ 考虑发布新产品或更新现有产品

━━━━━━━━━━━━━━━━━━━━━━━━━━━━━━━━━━━━━━━━━━━━━━━━

💡 小提示：每天花15分钟回复评论和私信，
   能显著提升转化率！

[✓] 报告已保存: /Users/tianmengpiaoxiang/auto_business/daily_report/reports/收益报告_2026-07-30.md

==================================================
  🚀 AutoTools 优化报告
  📅 2026-07-31 | 2026-07-31 08:00:03
==================================================
  💰 累计: ¥164 | 6单
  📈 今日: ¥0 | 0单
  📋 待处理: 0单
  📦 产品: 91个

  💡 Top策略:
    🔴 [紧急] 今日尚无收入！立即启动推广
    💡 [行动] 在闲鱼发布1-2个商品，定价¥29-¥79
    🏆 [畅销] 文件批处理大师(6单/¥164)
    📢 [推广] 重点推广文件批处理大师，闲鱼/小红书多发帖
    💎 [高利] 高价值服务(8个): ¥179-¥1199

  📄 报告: /Users/tianmengpiaoxiang/auto_business/daily_report/reports/optimize_2026-07-31.html
==================================================


╔══════════════════════════════════════════════════╗
║           📊 每日收益报告（¥ CNY）               ║
║           2026年07月31日                        ║
╚══════════════════════════════════════════════════╝

━━━━━━━━━━━━━━━━━━━━━━━━━━━━━━━━━━━━━━━━━━━━━━━━

💰 今日收入：¥0.00
📈 对比昨日：➡️ 持平（¥+0.00）
📊 本周累计：¥177.00 | 177/天
🏆 历史总计：¥177.00（共3单）

━━━━━━━━━━━━━━━━━━━━━━━━━━━━━━━━━━━━━━━━━━━━━━━━

📦 产品收益排名：
  1. 文件批处理大师    ¥98     2单 ████████
  2. 三件套捆绑包     ¥79     1单 ██████
  3. 内容自动生成器    ¥0      0单 █
  4. 数据清洗工具包    ¥0      0单 █

━━━━━━━━━━━━━━━━━━━━━━━━━━━━━━━━━━━━━━━━━━━━━━━━

🌐 各渠道收入：
  • 爱发电：¥49.00（1单）
  • 闲鱼：¥0.00（0单）
  • 微信直售：¥79.00（1单）

━━━━━━━━━━━━━━━━━━━━━━━━━━━━━━━━━━━━━━━━━━━━━━━━

💡 今日优化建议：
  ✅ 已有3单！继续加油！
  ✅ 分析一下买家最常问的问题，更新到产品描述里
  ✅ 把卖得最好的产品做个限时折扣
  ✅ 在知乎上回答相关问题时植入产品
  ✅ 考虑建一个用户群，做复购
  ✅ 📅 周五发轻松/好用工具推荐

━━━━━━━━━━━━━━━━━━━━━━━━━━━━━━━━━━━━━━━━━━━━━━━━

📋 明日待办：
  □ 检查各平台是否有新订单需要处理
  □ 用内容生成器产出一批新帖子
  □ 查看用户反馈，优化产品
  □ 考虑发布新产品或更新现有产品

━━━━━━━━━━━━━━━━━━━━━━━━━━━━━━━━━━━━━━━━━━━━━━━━

💡 小提示：每天花15分钟回复评论和私信，
   能显著提升转化率！

[✓] 报告已保存: /Users/tianmengpiaoxiang/auto_business/daily_report/reports/收益报告_2026-07-31.md

==================================================
  🚀 AutoTools 优化报告
  📅 2026-08-01 | 2026-08-01 08:00:03
==================================================
  💰 累计: ¥164 | 6单
  📈 今日: ¥0 | 0单
  📋 待处理: 0单
  📦 产品: 95个

  💡 Top策略:
    🔴 [紧急] 今日尚无收入！立即启动推广
    💡 [行动] 在闲鱼发布1-2个商品，定价¥29-¥79
    🏆 [畅销] 文件批处理大师(6单/¥164)
    📢 [推广] 重点推广文件批处理大师，闲鱼/小红书多发帖
    💎 [高利] 高价值服务(8个): ¥179-¥1199

  📄 报告: /Users/tianmengpiaoxiang/auto_business/daily_report/reports/optimize_2026-08-01.html
==================================================


╔══════════════════════════════════════════════════╗
║           📊 每日收益报告（¥ CNY）               ║
║           2026年08月01日                        ║
╚══════════════════════════════════════════════════╝

━━━━━━━━━━━━━━━━━━━━━━━━━━━━━━━━━━━━━━━━━━━━━━━━

💰 今日收入：¥0.00
📈 对比昨日：➡️ 持平（¥+0.00）
📊 本周累计：¥177.00 | 177/天
🏆 历史总计：¥177.00（共3单）

━━━━━━━━━━━━━━━━━━━━━━━━━━━━━━━━━━━━━━━━━━━━━━━━

📦 产品收益排名：
  1. 文件批处理大师    ¥98     2单 ████████
  2. 三件套捆绑包     ¥79     1单 ██████
  3. 内容自动生成器    ¥0      0单 █
  4. 数据清洗工具包    ¥0      0单 █

━━━━━━━━━━━━━━━━━━━━━━━━━━━━━━━━━━━━━━━━━━━━━━━━

🌐 各渠道收入：
  • 爱发电：¥49.00（1单）
  • 闲鱼：¥0.00（0单）
  • 微信直售：¥79.00（1单）

━━━━━━━━━━━━━━━━━━━━━━━━━━━━━━━━━━━━━━━━━━━━━━━━

💡 今日优化建议：
  ✅ 已有3单！继续加油！
  ✅ 分析一下买家最常问的问题，更新到产品描述里
  ✅ 把卖得最好的产品做个限时折扣
  ✅ 在知乎上回答相关问题时植入产品
  ✅ 考虑建一个用户群，做复购
  ✅ 📅 周末流量高，多发帖子

━━━━━━━━━━━━━━━━━━━━━━━━━━━━━━━━━━━━━━━━━━━━━━━━

📋 明日待办：
  □ 检查各平台是否有新订单需要处理
  □ 用内容生成器产出一批新帖子
  □ 查看用户反馈，优化产品
  □ 考虑发布新产品或更新现有产品

━━━━━━━━━━━━━━━━━━━━━━━━━━━━━━━━━━━━━━━━━━━━━━━━

💡 小提示：每天花15分钟回复评论和私信，
   能显著提升转化率！

[✓] 报告已保存: /Users/tianmengpiaoxiang/auto_business/daily_report/reports/收益报告_2026-08-01.md

==================================================
  🚀 AutoTools 优化报告
  📅 2026-08-02 | 2026-08-02 08:00:04
==================================================
  💰 累计: ¥164 | 6单
  📈 今日: ¥0 | 0单
  📋 待处理: 0单
  📦 产品: 99个

  💡 Top策略:
    🔴 [紧急] 今日尚无收入！立即启动推广
    💡 [行动] 在闲鱼发布1-2个商品，定价¥29-¥79
    🏆 [畅销] 文件批处理大师(6单/¥164)
    📢 [推广] 重点推广文件批处理大师，闲鱼/小红书多发帖
    💎 [高利] 高价值服务(8个): ¥179-¥1199

  📄 报告: /Users/tianmengpiaoxiang/auto_business/daily_report/reports/optimize_2026-08-02.html
==================================================


╔══════════════════════════════════════════════════╗
║           📊 每日收益报告（¥ CNY）               ║
║           2026年08月02日                        ║
╚══════════════════════════════════════════════════╝

━━━━━━━━━━━━━━━━━━━━━━━━━━━━━━━━━━━━━━━━━━━━━━━━

💰 今日收入：¥0.00
📈 对比昨日：➡️ 持平（¥+0.00）
📊 本周累计：¥177.00 | 177/天
🏆 历史总计：¥177.00（共3单）

━━━━━━━━━━━━━━━━━━━━━━━━━━━━━━━━━━━━━━━━━━━━━━━━

📦 产品收益排名：
  1. 文件批处理大师    ¥98     2单 ████████
  2. 三件套捆绑包     ¥79     1单 ██████
  3. 内容自动生成器    ¥0      0单 █
  4. 数据清洗工具包    ¥0      0单 █

━━━━━━━━━━━━━━━━━━━━━━━━━━━━━━━━━━━━━━━━━━━━━━━━

🌐 各渠道收入：
  • 爱发电：¥49.00（1单）
  • 闲鱼：¥0.00（0单）
  • 微信直售：¥79.00（1单）

━━━━━━━━━━━━━━━━━━━━━━━━━━━━━━━━━━━━━━━━━━━━━━━━

💡 今日优化建议：
  ✅ 已有3单！继续加油！
  ✅ 分析一下买家最常问的问题，更新到产品描述里
  ✅ 把卖得最好的产品做个限时折扣
  ✅ 在知乎上回答相关问题时植入产品
  ✅ 考虑建一个用户群，做复购
  ✅ 📅 周日做一周复盘，规划下周内容

━━━━━━━━━━━━━━━━━━━━━━━━━━━━━━━━━━━━━━━━━━━━━━━━

📋 明日待办：
  □ 检查各平台是否有新订单需要处理
  □ 用内容生成器产出一批新帖子
  □ 查看用户反馈，优化产品
  □ 考虑发布新产品或更新现有产品

━━━━━━━━━━━━━━━━━━━━━━━━━━━━━━━━━━━━━━━━━━━━━━━━

💡 小提示：每天花15分钟回复评论和私信，
   能显著提升转化率！

[✓] 报告已保存: /Users/tianmengpiaoxiang/auto_business/daily_report/reports/收益报告_2026-08-02.md

==================================================
  🚀 AutoTools 优化报告
  📅 2026-08-03 | 2026-08-03 08:00:03
==================================================
  💰 累计: ¥164 | 6单
  📈 今日: ¥0 | 0单
  📋 待处理: 0单
  📦 产品: 103个

  💡 Top策略:
    🔴 [紧急] 今日尚无收入！立即启动推广
    💡 [行动] 在闲鱼发布1-2个商品，定价¥29-¥79
    🏆 [畅销] 文件批处理大师(6单/¥164)
    📢 [推广] 重点推广文件批处理大师，闲鱼/小红书多发帖
    💎 [高利] 高价值服务(8个): ¥179-¥1199

  📄 报告: /Users/tianmengpiaoxiang/auto_business/daily_report/reports/optimize_2026-08-03.html
==================================================


╔══════════════════════════════════════════════════╗
║           📊 每日收益报告（¥ CNY）               ║
║           2026年08月03日                        ║
╚══════════════════════════════════════════════════╝

━━━━━━━━━━━━━━━━━━━━━━━━━━━━━━━━━━━━━━━━━━━━━━━━

💰 今日收入：¥0.00
📈 对比昨日：➡️ 持平（¥+0.00）
📊 本周累计：¥0.00 | 0/天
🏆 历史总计：¥177.00（共3单）

━━━━━━━━━━━━━━━━━━━━━━━━━━━━━━━━━━━━━━━━━━━━━━━━

📦 产品收益排名：
  1. 文件批处理大师    ¥98     2单 ████████
  2. 三件套捆绑包     ¥79     1单 ██████
  3. 内容自动生成器    ¥0      0单 █
  4. 数据清洗工具包    ¥0      0单 █

━━━━━━━━━━━━━━━━━━━━━━━━━━━━━━━━━━━━━━━━━━━━━━━━

🌐 各渠道收入：
  • 爱发电：¥49.00（1单）
  • 闲鱼：¥0.00（0单）
  • 微信直售：¥79.00（1单）

━━━━━━━━━━━━━━━━━━━━━━━━━━━━━━━━━━━━━━━━━━━━━━━━

💡 今日优化建议：
  ✅ 已有3单！继续加油！
  ✅ 分析一下买家最常问的问题，更新到产品描述里
  ✅ 把卖得最好的产品做个限时折扣
  ✅ 在知乎上回答相关问题时植入产品
  ✅ 考虑建一个用户群，做复购
  ✅ 📅 周一适合发干货/教程类内容

━━━━━━━━━━━━━━━━━━━━━━━━━━━━━━━━━━━━━━━━━━━━━━━━

📋 明日待办：
  □ 检查各平台是否有新订单需要处理
  □ 用内容生成器产出一批新帖子
  □ 查看用户反馈，优化产品
  □ 考虑发布新产品或更新现有产品

━━━━━━━━━━━━━━━━━━━━━━━━━━━━━━━━━━━━━━━━━━━━━━━━

💡 小提示：每天花15分钟回复评论和私信，
   能显著提升转化率！

[✓] 报告已保存: /Users/tianmengpiaoxiang/auto_business/daily_report/reports/收益报告_2026-08-03.md

==================================================
  🚀 AutoTools 优化报告
  📅 2026-08-04 | 2026-08-04 08:00:05
==================================================
  💰 累计: ¥164 | 6单
  📈 今日: ¥0 | 0单
  📋 待处理: 0单
  📦 产品: 107个

  💡 Top策略:
    🔴 [紧急] 今日尚无收入！立即启动推广
    💡 [行动] 在闲鱼发布1-2个商品，定价¥29-¥79
    🏆 [畅销] 文件批处理大师(6单/¥164)
    📢 [推广] 重点推广文件批处理大师，闲鱼/小红书多发帖
    💎 [高利] 高价值服务(8个): ¥179-¥1199

  📄 报告: /Users/tianmengpiaoxiang/auto_business/daily_report/reports/optimize_2026-08-04.html
==================================================


╔══════════════════════════════════════════════════╗
║           📊 每日收益报告（¥ CNY）               ║
║           2026年08月04日                        ║
╚══════════════════════════════════════════════════╝

━━━━━━━━━━━━━━━━━━━━━━━━━━━━━━━━━━━━━━━━━━━━━━━━

💰 今日收入：¥0.00
📈 对比昨日：➡️ 持平（¥+0.00）
📊 本周累计：¥0.00 | 0/天
🏆 历史总计：¥177.00（共3单）

━━━━━━━━━━━━━━━━━━━━━━━━━━━━━━━━━━━━━━━━━━━━━━━━

📦 产品收益排名：
  1. 文件批处理大师    ¥98     2单 ████████
  2. 三件套捆绑包     ¥79     1单 ██████
  3. 内容自动生成器    ¥0      0单 █
  4. 数据清洗工具包    ¥0      0单 █

━━━━━━━━━━━━━━━━━━━━━━━━━━━━━━━━━━━━━━━━━━━━━━━━

🌐 各渠道收入：
  • 爱发电：¥49.00（1单）
  • 闲鱼：¥0.00（0单）
  • 微信直售：¥79.00（1单）

━━━━━━━━━━━━━━━━━━━━━━━━━━━━━━━━━━━━━━━━━━━━━━━━

💡 今日优化建议：
  ✅ 已有3单！继续加油！
  ✅ 分析一下买家最常问的问题，更新到产品描述里
  ✅ 把卖得最好的产品做个限时折扣
  ✅ 在知乎上回答相关问题时植入产品
  ✅ 考虑建一个用户群，做复购
  ✅ 📅 周二可以发用户好评截图做信任背书

━━━━━━━━━━━━━━━━━━━━━━━━━━━━━━━━━━━━━━━━━━━━━━━━

📋 明日待办：
  □ 检查各平台是否有新订单需要处理
  □ 用内容生成器产出一批新帖子
  □ 查看用户反馈，优化产品
  □ 考虑发布新产品或更新现有产品

━━━━━━━━━━━━━━━━━━━━━━━━━━━━━━━━━━━━━━━━━━━━━━━━

💡 小提示：每天花15分钟回复评论和私信，
   能显著提升转化率！

[✓] 报告已保存: /Users/tianmengpiaoxiang/auto_business/daily_report/reports/收益报告_2026-08-04.md

==================================================
  🚀 AutoTools 优化报告
  📅 2026-08-05 | 2026-08-05 08:00:04
==================================================
  💰 累计: ¥164 | 6单
  📈 今日: ¥0 | 0单
  📋 待处理: 0单
  📦 产品: 110个

  💡 Top策略:
    🔴 [紧急] 今日尚无收入！立即启动推广
    💡 [行动] 在闲鱼发布1-2个商品，定价¥29-¥79
    🏆 [畅销] 文件批处理大师(6单/¥164)
    📢 [推广] 重点推广文件批处理大师，闲鱼/小红书多发帖
    💎 [高利] 高价值服务(8个): ¥179-¥1199

  📄 报告: /Users/tianmengpiaoxiang/auto_business/daily_report/reports/optimize_2026-08-05.html
==================================================


╔══════════════════════════════════════════════════╗
║           📊 每日收益报告（¥ CNY）               ║
║           2026年08月05日                        ║
╚══════════════════════════════════════════════════╝

━━━━━━━━━━━━━━━━━━━━━━━━━━━━━━━━━━━━━━━━━━━━━━━━

💰 今日收入：¥0.00
📈 对比昨日：➡️ 持平（¥+0.00）
📊 本周累计：¥0.00 | 0/天
🏆 历史总计：¥177.00（共3单）

━━━━━━━━━━━━━━━━━━━━━━━━━━━━━━━━━━━━━━━━━━━━━━━━

📦 产品收益排名：
  1. 文件批处理大师    ¥98     2单 ████████
  2. 三件套捆绑包     ¥79     1单 ██████
  3. 内容自动生成器    ¥0      0单 █
  4. 数据清洗工具包    ¥0      0单 █

━━━━━━━━━━━━━━━━━━━━━━━━━━━━━━━━━━━━━━━━━━━━━━━━

🌐 各渠道收入：
  • 爱发电：¥49.00（1单）
  • 闲鱼：¥0.00（0单）
  • 微信直售：¥79.00（1单）

━━━━━━━━━━━━━━━━━━━━━━━━━━━━━━━━━━━━━━━━━━━━━━━━

💡 今日优化建议：
  ✅ 已有3单！继续加油！
  ✅ 分析一下买家最常问的问题，更新到产品描述里
  ✅ 把卖得最好的产品做个限时折扣
  ✅ 在知乎上回答相关问题时植入产品
  ✅ 考虑建一个用户群，做复购
  ✅ 📅 周中适合发产品对比/测评

━━━━━━━━━━━━━━━━━━━━━━━━━━━━━━━━━━━━━━━━━━━━━━━━

📋 明日待办：
  □ 检查各平台是否有新订单需要处理
  □ 用内容生成器产出一批新帖子
  □ 查看用户反馈，优化产品
  □ 考虑发布新产品或更新现有产品

━━━━━━━━━━━━━━━━━━━━━━━━━━━━━━━━━━━━━━━━━━━━━━━━

💡 小提示：每天花15分钟回复评论和私信，
   能显著提升转化率！

[✓] 报告已保存: /Users/tianmengpiaoxiang/auto_business/daily_report/reports/收益报告_2026-08-05.md

==================================================
  🚀 AutoTools 优化报告
  📅 2026-08-06 | 2026-08-06 08:00:04
==================================================
  💰 累计: ¥164 | 6单
  📈 今日: ¥0 | 0单
  📋 待处理: 0单
  📦 产品: 112个

  💡 Top策略:
    🔴 [紧急] 今日尚无收入！立即启动推广
    💡 [行动] 在闲鱼发布1-2个商品，定价¥29-¥79
    🏆 [畅销] 文件批处理大师(6单/¥164)
    📢 [推广] 重点推广文件批处理大师，闲鱼/小红书多发帖
    💎 [高利] 高价值服务(8个): ¥179-¥1199

  📄 报告: /Users/tianmengpiaoxiang/auto_business/daily_report/reports/optimize_2026-08-06.html
==================================================


╔══════════════════════════════════════════════════╗
║           📊 每日收益报告（¥ CNY）               ║
║           2026年08月06日                        ║
╚══════════════════════════════════════════════════╝

━━━━━━━━━━━━━━━━━━━━━━━━━━━━━━━━━━━━━━━━━━━━━━━━

💰 今日收入：¥0.00
📈 对比昨日：➡️ 持平（¥+0.00）
📊 本周累计：¥0.00 | 0/天
🏆 历史总计：¥177.00（共3单）

━━━━━━━━━━━━━━━━━━━━━━━━━━━━━━━━━━━━━━━━━━━━━━━━

📦 产品收益排名：
  1. 文件批处理大师    ¥98     2单 ████████
  2. 三件套捆绑包     ¥79     1单 ██████
  3. 内容自动生成器    ¥0      0单 █
  4. 数据清洗工具包    ¥0      0单 █

━━━━━━━━━━━━━━━━━━━━━━━━━━━━━━━━━━━━━━━━━━━━━━━━

🌐 各渠道收入：
  • 爱发电：¥49.00（1单）
  • 闲鱼：¥0.00（0单）
  • 微信直售：¥79.00（1单）

━━━━━━━━━━━━━━━━━━━━━━━━━━━━━━━━━━━━━━━━━━━━━━━━

💡 今日优化建议：
  ✅ 已有3单！继续加油！
  ✅ 分析一下买家最常问的问题，更新到产品描述里
  ✅ 把卖得最好的产品做个限时折扣
  ✅ 在知乎上回答相关问题时植入产品
  ✅ 考虑建一个用户群，做复购
  ✅ 📅 周四发限时优惠，促进周末转化

━━━━━━━━━━━━━━━━━━━━━━━━━━━━━━━━━━━━━━━━━━━━━━━━

📋 明日待办：
  □ 检查各平台是否有新订单需要处理
  □ 用内容生成器产出一批新帖子
  □ 查看用户反馈，优化产品
  □ 考虑发布新产品或更新现有产品

━━━━━━━━━━━━━━━━━━━━━━━━━━━━━━━━━━━━━━━━━━━━━━━━

💡 小提示：每天花15分钟回复评论和私信，
   能显著提升转化率！

[✓] 报告已保存: /Users/tianmengpiaoxiang/auto_business/daily_report/reports/收益报告_2026-08-06.md
